Component: ARM Compiler 5.06 update 1 (build 61) Tool: armlink [4d35a8]

==============================================================================

Section Cross References

    startup_stm32f103xe.o(RESET) refers to startup_stm32f103xe.o(STACK) for __initial_sp
    startup_stm32f103xe.o(RESET) refers to startup_stm32f103xe.o(.text) for Reset_Handler
    startup_stm32f103xe.o(RESET) refers to stm32f1xx_it.o(i.NMI_Handler) for NMI_Handler
    startup_stm32f103xe.o(RESET) refers to stm32f1xx_it.o(i.HardFault_Handler) for HardFault_Handler
    startup_stm32f103xe.o(RESET) refers to stm32f1xx_it.o(i.MemManage_Handler) for MemManage_Handler
    startup_stm32f103xe.o(RESET) refers to stm32f1xx_it.o(i.BusFault_Handler) for BusFault_Handler
    startup_stm32f103xe.o(RESET) refers to stm32f1xx_it.o(i.UsageFault_Handler) for UsageFault_Handler
    startup_stm32f103xe.o(RESET) refers to stm32f1xx_it.o(i.SVC_Handler) for SVC_Handler
    startup_stm32f103xe.o(RESET) refers to stm32f1xx_it.o(i.DebugMon_Handler) for DebugMon_Handler
    startup_stm32f103xe.o(RESET) refers to stm32f1xx_it.o(i.PendSV_Handler) for PendSV_Handler
    startup_stm32f103xe.o(RESET) refers to stm32f1xx_it.o(i.SysTick_Handler) for SysTick_Handler
    startup_stm32f103xe.o(RESET) refers to stm32f1xx_it.o(i.DMA1_Channel4_IRQHandler) for DMA1_Channel4_IRQHandler
    startup_stm32f103xe.o(RESET) refers to stm32f1xx_it.o(i.DMA1_Channel5_IRQHandler) for DMA1_Channel5_IRQHandler
    startup_stm32f103xe.o(RESET) refers to stm32f1xx_it.o(i.DMA1_Channel6_IRQHandler) for DMA1_Channel6_IRQHandler
    startup_stm32f103xe.o(RESET) refers to stm32f1xx_it.o(i.DMA1_Channel7_IRQHandler) for DMA1_Channel7_IRQHandler
    startup_stm32f103xe.o(RESET) refers to stm32f1xx_it.o(i.TIM3_IRQHandler) for TIM3_IRQHandler
    startup_stm32f103xe.o(RESET) refers to stm32f1xx_it.o(i.USART1_IRQHandler) for USART1_IRQHandler
    startup_stm32f103xe.o(RESET) refers to stm32f1xx_it.o(i.USART2_IRQHandler) for USART2_IRQHandler
    startup_stm32f103xe.o(.text) refers to system_stm32f1xx.o(i.SystemInit) for SystemInit
    startup_stm32f103xe.o(.text) refers to entry.o(.ARM.Collect$$$$00000000) for __main
    flash.o(i.STM32FLASH_ErasePage) refers to flash.o(.bss) for .bss
    flash.o(i.STM32FLASH_Write) refers to printfa.o(i.__0printf) for __2printf
    flash.o(i.STM32FLASH_Write) refers to stm32f1xx_hal_flash.o(i.HAL_FLASH_Unlock) for HAL_FLASH_Unlock
    flash.o(i.STM32FLASH_Write) refers to flash.o(i.STM32FLASH_Read) for STM32FLASH_Read
    flash.o(i.STM32FLASH_Write) refers to flash.o(i.STM32FLASH_ErasePage) for STM32FLASH_ErasePage
    flash.o(i.STM32FLASH_Write) refers to stm32f1xx_hal_flash.o(i.FLASH_WaitForLastOperation) for FLASH_WaitForLastOperation
    flash.o(i.STM32FLASH_Write) refers to flash.o(i.STM32FLASH_WriteForce) for STM32FLASH_WriteForce
    flash.o(i.STM32FLASH_Write) refers to stm32f1xx_hal_flash.o(i.HAL_FLASH_Lock) for HAL_FLASH_Lock
    flash.o(i.STM32FLASH_Write) refers to flash.o(.bss) for .bss
    flash.o(i.STM32FLASH_WriteForce) refers to stm32f1xx_hal_flash.o(i.HAL_FLASH_Program) for HAL_FLASH_Program
    s_iic.o(i.IIC_ACK) refers to stm32f1xx_hal_gpio.o(i.HAL_GPIO_WritePin) for HAL_GPIO_WritePin
    s_iic.o(i.IIC_ACK) refers to main.o(i.delay_us) for delay_us
    s_iic.o(i.IIC_NACK) refers to stm32f1xx_hal_gpio.o(i.HAL_GPIO_WritePin) for HAL_GPIO_WritePin
    s_iic.o(i.IIC_NACK) refers to main.o(i.delay_us) for delay_us
    s_iic.o(i.IIC_ReceiveData) refers to main.o(i.delay_us) for delay_us
    s_iic.o(i.IIC_ReceiveData) refers to stm32f1xx_hal_gpio.o(i.HAL_GPIO_WritePin) for HAL_GPIO_WritePin
    s_iic.o(i.IIC_ReceiveData) refers to stm32f1xx_hal_gpio.o(i.HAL_GPIO_ReadPin) for HAL_GPIO_ReadPin
    s_iic.o(i.IIC_SendByte) refers to stm32f1xx_hal_gpio.o(i.HAL_GPIO_WritePin) for HAL_GPIO_WritePin
    s_iic.o(i.IIC_SendByte) refers to main.o(i.delay_us) for delay_us
    s_iic.o(i.IIC_Start) refers to stm32f1xx_hal_gpio.o(i.HAL_GPIO_WritePin) for HAL_GPIO_WritePin
    s_iic.o(i.IIC_Start) refers to main.o(i.delay_us) for delay_us
    s_iic.o(i.IIC_Stop) refers to stm32f1xx_hal_gpio.o(i.HAL_GPIO_WritePin) for HAL_GPIO_WritePin
    s_iic.o(i.IIC_Stop) refers to main.o(i.delay_us) for delay_us
    s_iic.o(i.IIC_WaitACK) refers to stm32f1xx_hal_gpio.o(i.HAL_GPIO_WritePin) for HAL_GPIO_WritePin
    s_iic.o(i.IIC_WaitACK) refers to main.o(i.delay_us) for delay_us
    s_iic.o(i.IIC_WaitACK) refers to stm32f1xx_hal_gpio.o(i.HAL_GPIO_ReadPin) for HAL_GPIO_ReadPin
    s_iic.o(i.SHT30_ReadData) refers to s_iic.o(i.IIC_Start) for IIC_Start
    s_iic.o(i.SHT30_ReadData) refers to s_iic.o(i.IIC_SendByte) for IIC_SendByte
    s_iic.o(i.SHT30_ReadData) refers to s_iic.o(i.IIC_WaitACK) for IIC_WaitACK
    s_iic.o(i.SHT30_ReadData) refers to s_iic.o(i.IIC_Stop) for IIC_Stop
    s_iic.o(i.SHT30_ReadData) refers to stm32f1xx_hal.o(i.HAL_Delay) for HAL_Delay
    s_iic.o(i.SHT30_ReadData) refers to s_iic.o(i.IIC_ReceiveData) for IIC_ReceiveData
[...]
    .text                                    0x080006b6   Section        0  dfltui.o(.text)
    .text                                    0x080006d0   Section        0  f2d.o(.text)
    .text                                    0x080006f6   Section        0  d2f.o(.text)
    .text                                    0x0800072e   Section        0  uidiv.o(.text)
    .text                                    0x0800075a   Section        0  uldiv.o(.text)
    .text                                    0x080007bc   Section        0  llshl.o(.text)
    .text                                    0x080007da   Section        0  llsshr.o(.text)
    .text                                    0x080007fe   Section        0  iusefp.o(.text)
    .text                                    0x080007fe   Section        0  fepilogue.o(.text)
    .text                                    0x0800086c   Section        0  depilogue.o(.text)
    .text                                    0x08000926   Section        0  dscalb.o(.text)
    .text                                    0x08000954   Section        0  dfixul.o(.text)
    .text                                    0x08000984   Section       48  cdrcmple.o(.text)
    .text                                    0x080009b4   Section       36  init.o(.text)
    .text                                    0x080009d8   Section       48  cdcmple.o(.text)
    .text                                    0x08000a08   Section        0  __dczerorl2.o(.text)
    i.ADC_ConversionStop_Disable             0x08000a60   Section        0  stm32f1xx_hal_adc.o(i.ADC_ConversionStop_Disable)
    i.BusFault_Handler                       0x08000ab6   Section        0  stm32f1xx_it.o(i.BusFault_Handler)
    i.Coefficient_Init                       0x08000ab8   Section        0  main.o(i.Coefficient_Init)
    i.DMA1_Channel4_IRQHandler               0x08000c60   Section        0  stm32f1xx_it.o(i.DMA1_Channel4_IRQHandler)
    i.DMA1_Channel5_IRQHandler               0x08000c6c   Section        0  stm32f1xx_it.o(i.DMA1_Channel5_IRQHandler)
    i.DMA1_Channel6_IRQHandler               0x08000c78   Section        0  stm32f1xx_it.o(i.DMA1_Channel6_IRQHandler)
    i.DMA1_Channel7_IRQHandler               0x08000c84   Section        0  stm32f1xx_it.o(i.DMA1_Channel7_IRQHandler)
    i.DMA_SetConfig                          0x08000c90   Section        0  stm32f1xx_hal_dma.o(i.DMA_SetConfig)
    DMA_SetConfig                            0x08000c91   Thumb Code    42  stm32f1xx_hal_dma.o(i.DMA_SetConfig)
    i.DebugMon_Handler                       0x08000cba   Section        0  stm32f1xx_it.o(i.DebugMon_Handler)
    i.Error_Handler                          0x08000cbc   Section        0  main.o(i.Error_Handler)
    i.FLASH_Program_HalfWord                 0x08000cc0   Section        0  stm32f1xx_hal_flash.o(i.FLASH_Program_HalfWord)
    FLASH_Program_HalfWord                   0x08000cc1   Thumb Code    20  stm32f1xx_hal_flash.o(i.FLASH_Program_HalfWord)
    i.FLASH_SetErrorCode                     0x08000cdc   Section        0  stm32f1xx_hal_flash.o(i.FLASH_SetErrorCode)
    FLASH_SetErrorCode                       0x08000cdd   Thumb Code    84  stm32f1xx_hal_flash.o(i.FLASH_SetErrorCode)
    i.FLASH_WaitForLastOperation             0x08000d38   Section        0  stm32f1xx_hal_flash.o(i.FLASH_WaitForLastOperation)
    i.GetSpecData                            0x08000d8c   Section        0  main.o(i.GetSpecData)
    i.HAL_ADC_ConfigChannel                  0x08000f04   Section        0  stm32f1xx_hal_adc.o(i.HAL_ADC_ConfigChannel)
    i.HAL_ADC_Init                           0x08001000   Section        0  stm32f1xx_hal_adc.o(i.HAL_ADC_Init)
    i.HAL_ADC_MspInit                        0x08001124   Section        0  adc.o(i.HAL_ADC_MspInit)
    i.HAL_DMA_Abort                          0x0800114c   Section        0  stm32f1xx_hal_dma.o(i.HAL_DMA_Abort)
    i.HAL_DMA_Abort_IT                       0x08001194   Section        0  stm32f1xx_hal_dma.o(i.HAL_DMA_Abort_IT)
    i.HAL_DMA_IRQHandler                     0x080012c4   Section        0  stm32f1xx_hal_dma.o(i.HAL_DMA_IRQHandler)
    i.HAL_DMA_Init                           0x0800150c   Section        0  stm32f1xx_hal_dma.o(i.HAL_DMA_Init)
    i.HAL_DMA_Start_IT                       0x08001588   Section        0  stm32f1xx_hal_dma.o(i.HAL_DMA_Start_IT)
    i.HAL_Delay                              0x080015f8   Section        0  stm32f1xx_hal.o(i.HAL_Delay)
    i.HAL_FLASH_Lock                         0x0800161c   Section        0  stm32f1xx_hal_flash.o(i.HAL_FLASH_Lock)
    i.HAL_FLASH_Program                      0x08001630   Section        0  stm32f1xx_hal_flash.o(i.HAL_FLASH_Program)
    i.HAL_FLASH_Unlock                       0x080016b0   Section        0  stm32f1xx_hal_flash.o(i.HAL_FLASH_Unlock)
    i.HAL_GPIO_Init                          0x080016d8   Section        0  stm32f1xx_hal_gpio.o(i.HAL_GPIO_Init)
    i.HAL_GPIO_ReadPin                       0x080018d0   Section        0  stm32f1xx_hal_gpio.o(i.HAL_GPIO_ReadPin)
    i.HAL_GPIO_TogglePin                     0x080018da   Section        0  stm32f1xx_hal_gpio.o(i.HAL_GPIO_TogglePin)
    i.HAL_GPIO_WritePin                      0x080018ea   Section        0  stm32f1xx_hal_gpio.o(i.HAL_GPIO_WritePin)
    i.HAL_GetTick                            0x080018f4   Section        0  stm32f1xx_hal.o(i.HAL_GetTick)
    i.HAL_IncTick                            0x08001900   Section        0  stm32f1xx_hal.o(i.HAL_IncTick)
    i.HAL_Init                               0x08001910   Section        0  stm32f1xx_hal.o(i.HAL_Init)
    i.HAL_InitTick                           0x08001934   Section        0  stm32f1xx_hal.o(i.HAL_InitTick)
    i.HAL_MspInit                            0x08001974   Section        0  stm32f1xx_hal_msp.o(i.HAL_MspInit)
    i.HAL_NVIC_EnableIRQ                     0x080019b0   Section        0  stm32f1xx_hal_cortex.o(i.HAL_NVIC_EnableIRQ)
    i.HAL_NVIC_SetPriority                   0x080019cc   Section        0  stm32f1xx_hal_cortex.o(i.HAL_NVIC_SetPriority)
    i.HAL_NVIC_SetPriorityGrouping           0x08001a0c   Section        0  stm32f1xx_hal_cortex.o(i.HAL_NVIC_SetPriorityGrouping)
    i.HAL_NVIC_SystemReset                   0x08001a30   Section        0  stm32f1xx_hal_cortex.o(i.HAL_NVIC_SystemReset)
    i.HAL_RCCEx_PeriphCLKConfig              0x08001a54   Section        0  stm32f1xx_hal_rcc_ex.o(i.HAL_RCCEx_PeriphCLKConfig)
    i.HAL_RCC_ClockConfig                    0x08001b40   Section        0  stm32f1xx_hal_rcc.o(i.HAL_RCC_ClockConfig)
    i.HAL_RCC_GetPCLK1Freq                   0x08001c6c   Section        0  stm32f1xx_hal_rcc.o(i.HAL_RCC_GetPCLK1Freq)
    i.HAL_RCC_GetPCLK2Freq                   0x08001c8c   Section        0  stm32f1xx_hal_rcc.o(i.HAL_RCC_GetPCLK2Freq)
    i.HAL_RCC_GetSysClockFreq                0x08001cac   Section        0  stm32f1xx_hal_rcc.o(i.HAL_RCC_GetSysClockFreq)
    i.HAL_RCC_OscConfig                      0x08001d18   Section        0  stm32f1xx_hal_rcc.o(i.HAL_RCC_OscConfig)
    i.HAL_SYSTICK_Config                     0x08002038   Section        0  stm32f1xx_hal_cortex.o(i.HAL_SYSTICK_Config)
    i.HAL_TIMEx_BreakCallback                0x08002060   Section        0  stm32f1xx_hal_tim_ex.o(i.HAL_TIMEx_BreakCallback)
    i.HAL_TIMEx_CommutCallback               0x08002062   Section        0  stm32f1xx_hal_tim_ex.o(i.HAL_TIMEx_CommutCallback)
    i.HAL_TIMEx_MasterConfigSynchronization  0x08002064   Section        0  stm32f1xx_hal_tim_ex.o(i.HAL_TIMEx_MasterConfigSynchronization)
    i.HAL_TIM_Base_Init                      0x080020e0   Section        0  stm32f1xx_hal_tim.o(i.HAL_TIM_Base_Init)
    i.HAL_TIM_Base_MspInit                   0x0800213c   Section        0  tim.o(i.HAL_TIM_Base_MspInit)
    i.HAL_TIM_ConfigClockSource              0x08002178   Section        0  stm32f1xx_hal_tim.o(i.HAL_TIM_ConfigClockSource)
    i.HAL_TIM_IC_CaptureCallback             0x0800224e   Section        0  stm32f1xx_hal_tim.o(i.HAL_TIM_IC_CaptureCallback)
    i.HAL_TIM_IRQHandler                     0x08002250   Section        0  stm32f1xx_hal_tim.o(i.HAL_TIM_IRQHandler)
    i.HAL_TIM_MspPostInit                    0x080023b8   Section        0  tim.o(i.HAL_TIM_MspPostInit)
    i.HAL_TIM_OC_DelayElapsedCallback        0x08002400   Section        0  stm32f1xx_hal_tim.o(i.HAL_TIM_OC_DelayElapsedCallback)
    i.HAL_TIM_PWM_ConfigChannel              0x08002402   Section        0  stm32f1xx_hal_tim.o(i.HAL_TIM_PWM_ConfigChannel)
    i.HAL_TIM_PWM_Init                       0x080024c8   Section        0  stm32f1xx_hal_tim.o(i.HAL_TIM_PWM_Init)
    i.HAL_TIM_PWM_MspInit                    0x08002524   Section        0  tim.o(i.HAL_TIM_PWM_MspInit)
    i.HAL_TIM_PWM_PulseFinishedCallback      0x08002548   Section        0  stm32f1xx_hal_tim.o(i.HAL_TIM_PWM_PulseFinishedCallback)
    i.HAL_TIM_PWM_Start                      0x0800254c   Section        0  stm32f1xx_hal_tim.o(i.HAL_TIM_PWM_Start)
    i.HAL_TIM_PeriodElapsedCallback          0x08002600   Section        0  stm32f1xx_hal_tim.o(i.HAL_TIM_PeriodElapsedCallback)
    i.HAL_TIM_TriggerCallback                0x08002602   Section        0  stm32f1xx_hal_tim.o(i.HAL_TIM_TriggerCallback)
    i.HAL_UARTEx_RxEventCallback             0x08002604   Section        0  stm32f1xx_hal_uart.o(i.HAL_UARTEx_RxEventCallback)
    i.HAL_UART_DMAStop                       0x08002606   Section        0  stm32f1xx_hal_uart.o(i.HAL_UART_DMAStop)
    i.HAL_UART_ErrorCallback                 0x0800265e   Section        0  stm32f1xx_hal_uart.o(i.HAL_UART_ErrorCallback)
    i.HAL_UART_IRQHandler                    0x08002660   Section        0  stm32f1xx_hal_uart.o(i.HAL_UART_IRQHandler)
    i.HAL_UART_Init                          0x0800286c   Section        0  stm32f1xx_hal_uart.o(i.HAL_UART_Init)
    i.HAL_UART_MspInit                       0x080028d0   Section        0  usart.o(i.HAL_UART_MspInit)
    i.HAL_UART_Receive_DMA                   0x08002a60   Section        0  stm32f1xx_hal_uart.o(i.HAL_UART_Receive_DMA)
    i.HAL_UART_RxCpltCallback                0x08002a8a   Section        0  stm32f1xx_hal_uart.o(i.HAL_UART_RxCpltCallback)
    i.HAL_UART_RxHalfCpltCallback            0x08002a8c   Section        0  stm32f1xx_hal_uart.o(i.HAL_UART_RxHalfCpltCallback)
    i.HAL_UART_Transmit                      0x08002a90   Section        0  stm32f1xx_hal_uart.o(i.HAL_UART_Transmit)
    i.HAL_UART_TxCpltCallback                0x08002b42   Section        0  stm32f1xx_hal_uart.o(i.HAL_UART_TxCpltCallback)
    i.HardFault_Handler                      0x08002b44   Section        0  stm32f1xx_it.o(i.HardFault_Handler)
    i.IIC_ACK                                0x08002b48   Section        0  s_iic.o(i.IIC_ACK)
    i.IIC_NACK                               0x08002ba8   Section        0  s_iic.o(i.IIC_NACK)
    i.IIC_ReceiveData                        0x08002c08   Section        0  s_iic.o(i.IIC_ReceiveData)
    i.IIC_SendByte                           0x08002c78   Section        0  s_iic.o(i.IIC_SendByte)
    i.IIC_Start                              0x08002cec   Section        0  s_iic.o(i.IIC_Start)
    i.IIC_Stop                               0x08002d40   Section        0  s_iic.o(i.IIC_Stop)
    i.IIC_WaitACK                            0x08002d98   Section        0  s_iic.o(i.IIC_WaitACK)
    i.Judge_SpecStatus                       0x08002e38   Section        0  main.o(i.Judge_SpecStatus)
    i.MX_ADC1_Init                           0x08002ea4   Section        0  adc.o(i.MX_ADC1_Init)
    i.MX_DMA_Init                            0x08002ef4   Section        0  dma.o(i.MX_DMA_Init)
    i.MX_GPIO_Init                           0x08002f50   Section        0  gpio.o(i.MX_GPIO_Init)
    i.MX_TIM2_Init                           0x08002fb0   Section        0  tim.o(i.MX_TIM2_Init)
    i.MX_TIM3_Init                           0x08003020   Section        0  tim.o(i.MX_TIM3_Init)
    i.MX_USART1_UART_Init                    0x0800308c   Section        0  usart.o(i.MX_USART1_UART_Init)
    i.MX_USART2_UART_Init                    0x080030cc   Section        0  usart.o(i.MX_USART2_UART_Init)
    i.MemManage_Handler                      0x0800310c   Section        0  stm32f1xx_it.o(i.MemManage_Handler)
    i.ModBus_CRC16                           0x08003110   Section        0  tool.o(i.ModBus_CRC16)
    i.NMI_Handler                            0x08003158   Section        0  stm32f1xx_it.o(i.NMI_Handler)
    i.PWM_PulseWidth                         0x0800315c   Section        0  tim.o(i.PWM_PulseWidth)
    i.PendSV_Handler                         0x08003168   Section        0  stm32f1xx_it.o(i.PendSV_Handler)
    i.SHT30_ReadData                         0x0800316c   Section        0  s_iic.o(i.SHT30_ReadData)
    i.SPEC_Init                              0x0800328c   Section        0  main.o(i.SPEC_Init)
    i.STM32FLASH_ErasePage                   0x080032e0   Section        0  flash.o(i.STM32FLASH_ErasePage)
    i.STM32FLASH_Read                        0x08003304   Section        0  flash.o(i.STM32FLASH_Read)
    i.STM32FLASH_Write                       0x08003320   Section        0  flash.o(i.STM32FLASH_Write)
    i.STM32FLASH_WriteEnergy                 0x08003418   Section        0  main.o(i.STM32FLASH_WriteEnergy)
    i.STM32FLASH_WriteForce                  0x08003594   Section        0  flash.o(i.STM32FLASH_WriteForce)
    i.STM32FLASH_WriteWave                   0x080035c0   Section        0  main.o(i.STM32FLASH_WriteWave)
    i.STM32_Init                             0x0800364c   Section        0  main.o(i.STM32_Init)
    i.SVC_Handler                            0x080036a0   Section        0  stm32f1xx_it.o(i.SVC_Handler)
    i.Send_Double                            0x080036a4   Section        0  tool.o(i.Send_Double)
    i.Send_Float                             0x08003700   Section        0  tool.o(i.Send_Float)
    i.SysTick_Handler                        0x08003754   Section        0  stm32f1xx_it.o(i.SysTick_Handler)
    i.SystemClock_Config                     0x08003758   Section        0  main.o(i.SystemClock_Config)
    i.SystemInit                             0x080037d2   Section        0  system_stm32f1xx.o(i.SystemInit)
    i.TIM3_IRQHandler                        0x080037d4   Section        0  stm32f1xx_it.o(i.TIM3_IRQHandler)
    i.TIM_Base_SetConfig                     0x080037e0   Section        0  stm32f1xx_hal_tim.o(i.TIM_Base_SetConfig)
    i.TIM_CCxChannelCmd                      0x0800386c   Section        0  stm32f1xx_hal_tim.o(i.TIM_CCxChannelCmd)
    i.TIM_ETR_SetConfig                      0x08003886   Section        0  stm32f1xx_hal_tim.o(i.TIM_ETR_SetConfig)
    i.TIM_ITRx_SetConfig                     0x0800389a   Section        0  stm32f1xx_hal_tim.o(i.TIM_ITRx_SetConfig)
    TIM_ITRx_SetConfig                       0x0800389b   Thumb Code    16  stm32f1xx_hal_tim.o(i.TIM_ITRx_SetConfig)
    i.TIM_OC1_SetConfig                      0x080038ac   Section        0  stm32f1xx_hal_tim.o(i.TIM_OC1_SetConfig)
    TIM_OC1_SetConfig                        0x080038ad   Thumb Code    88  stm32f1xx_hal_tim.o(i.TIM_OC1_SetConfig)
    i.TIM_OC2_SetConfig                      0x0800390c   Section        0  stm32f1xx_hal_tim.o(i.TIM_OC2_SetConfig)
    i.TIM_OC3_SetConfig                      0x08003978   Section        0  stm32f1xx_hal_tim.o(i.TIM_OC3_SetConfig)
    TIM_OC3_SetConfig                        0x08003979   Thumb Code    96  stm32f1xx_hal_tim.o(i.TIM_OC3_SetConfig)
    i.TIM_OC4_SetConfig                      0x080039e0   Section        0  stm32f1xx_hal_tim.o(i.TIM_OC4_SetConfig)
    TIM_OC4_SetConfig                        0x080039e1   Thumb Code    70  stm32f1xx_hal_tim.o(i.TIM_OC4_SetConfig)
    i.TIM_TI1_ConfigInputStage               0x08003a30   Section        0  stm32f1xx_hal_tim.o(i.TIM_TI1_ConfigInputStage)
    TIM_TI1_ConfigInputStage                 0x08003a31   Thumb Code    34  stm32f1xx_hal_tim.o(i.TIM_TI1_ConfigInputStage)
    i.TIM_TI2_ConfigInputStage               0x08003a52   Section        0  stm32f1xx_hal_tim.o(i.TIM_TI2_ConfigInputStage)
    TIM_TI2_ConfigInputStage                 0x08003a53   Thumb Code    36  stm32f1xx_hal_tim.o(i.TIM_TI2_ConfigInputStage)
    i.UART_DMAAbortOnError                   0x08003a76   Section        0  stm32f1xx_hal_uart.o(i.UART_DMAAbortOnError)
    UART_DMAAbortOnError                     0x08003a77   Thumb Code    16  stm32f1xx_hal_uart.o(i.UART_DMAAbortOnError)
    i.UART_DMAError                          0x08003a86   Section        0  stm32f1xx_hal_uart.o(i.UART_DMAError)
    UART_DMAError                            0x08003a87   Thumb Code    74  stm32f1xx_hal_uart.o(i.UART_DMAError)
    i.UART_DMAReceiveCplt                    0x08003ad0   Section        0  stm32f1xx_hal_uart.o(i.UART_DMAReceiveCplt)
    UART_DMAReceiveCplt                      0x08003ad1   Thumb Code    90  stm32f1xx_hal_uart.o(i.UART_DMAReceiveCplt)
    i.UART_DMARxHalfCplt                     0x08003b2a   Section        0  stm32f1xx_hal_uart.o(i.UART_DMARxHalfCplt)
    UART_DMARxHalfCplt                       0x08003b2b   Thumb Code    26  stm32f1xx_hal_uart.o(i.UART_DMARxHalfCplt)
    i.UART_EndRxTransfer                     0x08003b44   Section        0  stm32f1xx_hal_uart.o(i.UART_EndRxTransfer)
    UART_EndRxTransfer                       0x08003b45   Thumb Code    48  stm32f1xx_hal_uart.o(i.UART_EndRxTransfer)
    i.UART_EndTxTransfer                     0x08003b74   Section        0  stm32f1xx_hal_uart.o(i.UART_EndTxTransfer)
    UART_EndTxTransfer                       0x08003b75   Thumb Code    18  stm32f1xx_hal_uart.o(i.UART_EndTxTransfer)
    i.UART_Receive_IT                        0x08003b86   Section        0  stm32f1xx_hal_uart.o(i.UART_Receive_IT)
    UART_Receive_IT                          0x08003b87   Thumb Code   182  stm32f1xx_hal_uart.o(i.UART_Receive_IT)
    i.UART_SetConfig                         0x08003c3c   Section        0  stm32f1xx_hal_uart.o(i.UART_SetConfig)
    UART_SetConfig                           0x08003c3d   Thumb Code   178  stm32f1xx_hal_uart.o(i.UART_SetConfig)
    i.UART_Start_Receive_DMA                 0x08003cf4   Section        0  stm32f1xx_hal_uart.o(i.UART_Start_Receive_DMA)
    i.UART_WaitOnFlagUntilTimeout            0x08003d64   Section        0  stm32f1xx_hal_uart.o(i.UART_WaitOnFlagUntilTimeout)
    UART_WaitOnFlagUntilTimeout              0x08003d65   Thumb Code   100  stm32f1xx_hal_uart.o(i.UART_WaitOnFlagUntilTimeout)
    i.USART1_IRQHandler                      0x08003dc8   Section        0  stm32f1xx_it.o(i.USART1_IRQHandler)
    i.USART2_IRQHandler                      0x08003e2c   Section        0  stm32f1xx_it.o(i.USART2_IRQHandler)
    i.UnderCoefficient                       0x08003ea0   Section        0  main.o(i.UnderCoefficient)
    i.UnderCoefficient_WithoutLightpath      0x08004290   Section        0  main.o(i.UnderCoefficient_WithoutLightpath)
    i.UsageFault_Handler                     0x08004668   Section        0  stm32f1xx_it.o(i.UsageFault_Handler)
    i.WaitandClear                           0x0800466c   Section        0  main.o(i.WaitandClear)
    i.__0printf                              0x08004704   Section        0  printfa.o(i.__0printf)
    i.__NVIC_SetPriority                     0x08004724   Section        0  stm32f1xx_hal_cortex.o(i.__NVIC_SetPriority)
    __NVIC_SetPriority                       0x08004725   Thumb Code    32  stm32f1xx_hal_cortex.o(i.__NVIC_SetPriority)
    i.__kernel_poly                          0x08004744   Section        0  poly.o(i.__kernel_poly)
    i.__mathlib_dbl_divzero                  0x080047f0   Section        0  dunder.o(i.__mathlib_dbl_divzero)
    i.__mathlib_dbl_infnan                   0x08004800   Section        0  dunder.o(i.__mathlib_dbl_infnan)
    i.__mathlib_dbl_invalid                  0x08004806   Section        0  dunder.o(i.__mathlib_dbl_invalid)
    i.__scatterload_copy                     0x08004812   Section       14  handlers.o(i.__scatterload_copy)
    i.__scatterload_null                     0x08004820   Section        2  handlers.o(i.__scatterload_null)
    i.__scatterload_zeroinit                 0x08004822   Section       14  handlers.o(i.__scatterload_zeroinit)
    i.__set_errno                            0x08004830   Section        0  errno.o(i.__set_errno)
    i._fp_digits                             0x0800483c   Section        0  printfa.o(i._fp_digits)
    _fp_digits                               0x0800483d   Thumb Code   334  printfa.o(i._fp_digits)
    i._printf_core                           0x080049a0   Section        0  printfa.o(i._printf_core)
    _printf_core                             0x080049a1   Thumb Code  1744  printfa.o(i._printf_core)
    i._printf_post_padding                   0x0800507c   Section        0  printfa.o(i._printf_post_padding)
    _printf_post_padding                     0x0800507d   Thumb Code    36  printfa.o(i._printf_post_padding)
    i._printf_pre_padding                    0x080050a0   Section        0  printfa.o(i._printf_pre_padding)
    _printf_pre_padding                      0x080050a1   Thumb Code    46  printfa.o(i._printf_pre_padding)
    i.delay_us                               0x080050d0   Section        0  main.o(i.delay_us)
    i.fputc                                  0x08005120   Section        0  usart.o(i.fputc)
    i.log                                    0x08005138   Section        0  log.o(i.log)
    i.log10                                  0x08005494   Section        0  log10.o(i.log10)
    i.main                                   0x08005578   Section        0  main.o(i.main)
    i.memv                                   0x08005f38   Section        0  tool.o(i.memv)
    .constdata                               0x08005f64   Section       16  system_stm32f1xx.o(.constdata)
    .constdata                               0x08005f74   Section        8  system_stm32f1xx.o(.constdata)
    .constdata                               0x08005f80   Section       56  log.o(.constdata)
    Lg2                                      0x08005f80   Data          24  log.o(.constdata)
    Lg                                       0x08005f98   Data          32  log.o(.constdata)
    .constdata                               0x08005fb8   Section        8  qnan.o(.constdata)
    .data                                    0x20000000   Section      388  main.o(.data)
    master                                   0x20000003   Data           1  main.o(.data)
    USART1_Tsimen_SetENC                     0x20000006   Data           2  main.o(.data)
    USART1_Tsimen_OK                         0x20000008   Data           3  main.o(.data)
    USART2_Spec_Reset                        0x2000000e   Data           3  main.o(.data)
    USART2_Spec_Data                         0x20000011   Data           3  main.o(.data)
    USART2_Spec_OK                           0x20000014   Data           3  main.o(.data)
    USART2_Spec_ERROR                        0x20000017   Data           3  main.o(.data)
    USART1_Tsimen_DD                         0x20000030   Data           4  main.o(.data)
    USART2_Spec_CheckInt                     0x20000034   Data           4  main.o(.data)
    USART2_Spec_CheckAve                     0x20000038   Data           4  main.o(.data)
    USART2_Spec_XenonOff                     0x2000003c   Data           4  main.o(.data)
    USART2_Spec_XenonOnOne                   0x20000040   Data           4  main.o(.data)
    USART1_Tsimen_Stemp                      0x20000044   Data           5  main.o(.data)
    USART2_Spec_Ave                          0x20000049   Data           5  main.o(.data)
    USART2_Spec_Ave_Default                  0x2000004e   Data           5  main.o(.data)
    USART1_Tsimen_CRCERROR                   0x20000053   Data           6  main.o(.data)
    USART1_Tsimen_SpecERROR                  0x20000059   Data           7  main.o(.data)
    USART1_Tsimen_SpecOK                     0x20000060   Data           7  main.o(.data)
    USART2_Spec_Int                          0x20000067   Data           7  main.o(.data)
    USART2_Spec_Int_Default                  0x2000006e   Data           7  main.o(.data)
    USART1_Tsimen_Reset                      0x20000088   Data           8  main.o(.data)
    USART1_Tsimen_Ver                        0x20000090   Data           8  main.o(.data)
    USART1_Tsimen_CheckInt                   0x20000098   Data           8  main.o(.data)
    USART1_Tsimen_CheckAve                   0x200000a0   Data           8  main.o(.data)
    USART1_Tsimen_CheckWLC                   0x200000a8   Data           8  main.o(.data)
    USART1_Tsimen_CheckENC                   0x200000b0   Data           8  main.o(.data)
    USART1_Tsimen_CheckOD                    0x200000b8   Data           8  main.o(.data)
    USART1_Tsimen_GlobalReset                0x200000c0   Data           8  main.o(.data)
    USART1_Tsimen_Int                        0x200000c8   Data           8  main.o(.data)
    USART1_Tsimen_Ave                        0x200000d0   Data           8  main.o(.data)
    USART1_Tsimen_DarSignal                  0x200000d8   Data           8  main.o(.data)
    USART1_Tsimen_RefSignal                  0x200000e0   Data           8  main.o(.data)
    USART1_Tsimen_SamSignal                  0x200000e8   Data           8  main.o(.data)
    USART1_Tsimen_FullData                   0x200000f0   Data           8  main.o(.data)
    USART1_Tsimen_TempData                   0x200000f8   Data           8  main.o(.data)
    USART1_Tsimen_WL                         0x20000100   Data           8  main.o(.data)
    USART1_Tsimen_UnderCoefficient           0x20000108   Data           8  main.o(.data)
    USART1_Tsimen_SetOD                      0x20000110   Data           8  main.o(.data)
    USART1_Tsimen_WithoutLightpath           0x20000118   Data           8  main.o(.data)
    USART1_Tsimen_Version                    0x20000128   Data          22  main.o(.data)
    USART1_Tsimen_SetWLC                     0x2000013e   Data          52  main.o(.data)
    USART1_Tsimen_AA                         0x20000172   Data           9  main.o(.data)
    USART2_Spec_FormData                     0x2000017b   Data           9  main.o(.data)
    .data                                    0x20000184   Section        2  usart.o(.data)
    .data                                    0x20000186   Section        2  usart.o(.data)
    .data                                    0x20000188   Section        1  usart.o(.data)
    .data                                    0x2000018c   Section       36  tool.o(.data)
    .data                                    0x200001b0   Section       12  stm32f1xx_hal.o(.data)
    .data                                    0x200001bc   Section        4  system_stm32f1xx.o(.data)
    .data                                    0x200001c0   Section        4  stdout.o(.data)
    .data                                    0x200001c4   Section        4  errno.o(.data)
    _errno                                   0x200001c4   Data           4  errno.o(.data)
    .bss                                     0x200001c8   Section     2080  flash.o(.bss)
    .bss                                     0x200009e8   Section    16384  main.o(.bss)
    .bss                                     0x200049e8   Section       48  adc.o(.bss)
    .bss                                     0x20004a18   Section      144  tim.o(.bss)
    .bss                                     0x20004aa8   Section     4200  usart.o(.bss)
    .bss                                     0x20005b10   Section     2063  usart.o(.bss)
    .bss                                     0x2000631f   Section     4200  usart.o(.bss)
    .bss                                     0x20007387   Section     2063  usart.o(.bss)
    .bss                                     0x20007b98   Section      408  usart.o(.bss)
    .bss                                     0x20007d30   Section     8240  tool.o(.bss)
    .bss                                     0x20009d60   Section       32  stm32f1xx_hal_flash.o(.bss)
    STACK                                    0x20009d80   Section     1024  startup_stm32f103xe.o(STACK)

    Global Symbols

    Symbol Name                              Value     Ov Type        Size  Object(Section)

    BuildAttributes$$THM_ISAv4$P$D$K$B$S$PE$A:L22UL41UL21$X:L11$S22US41US21$IEEE1$IW$USESV6$~STKCKD$USESV7$~SHL$OTIME$ROPI$IEEEX$EBA8$MICROLIB$REQ8$PRES8$EABIv2 0x00000000   Number         0  anon$$obj.o ABSOLUTE
    __ARM_use_no_argv                        0x00000000   Number         0  main.o ABSOLUTE
    _printf_a                                0x00000000   Number         0  stubs.o ABSOLUTE
    _printf_c                                0x00000000   Number         0  stubs.o ABSOLUTE
    _printf_charcount                        0x00000000   Number         0  stubs.o ABSOLUTE
    _printf_d                                0x00000000   Number         0  stubs.o ABSOLUTE
    _printf_e                                0x00000000   Number         0  stubs.o ABSOLUTE
    _printf_f                                0x00000000   Number         0  stubs.o ABSOLUTE
    _printf_flags                            0x00000000   Number         0  stubs.o ABSOLUTE
    _printf_fp_dec                           0x00000000   Number         0  stubs.o ABSOLUTE
    _printf_fp_hex                           0x00000000   Number         0  stubs.o ABSOLUTE
    _printf_g                                0x00000000   Number         0  stubs.o ABSOLUTE
    _printf_i                                0x00000000   Number         0  stubs.o ABSOLUTE
    _printf_int_dec                          0x00000000   Number         0  stubs.o ABSOLUTE
    _printf_l                                0x00000000   Number         0  stubs.o ABSOLUTE
    _printf_lc                               0x00000000   Number         0  stubs.o ABSOLUTE
    _printf_ll                               0x00000000   Number         0  stubs.o ABSOLUTE
    _printf_lld                              0x00000000   Number         0  stubs.o ABSOLUTE
    _printf_lli                              0x00000000   Number         0  stubs.o ABSOLUTE
    _printf_llo                              0x00000000   Number         0  stubs.o ABSOLUTE
    _printf_llu                              0x00000000   Number         0  stubs.o ABSOLUTE
    _printf_llx                              0x00000000   Number         0  stubs.o ABSOLUTE
    _printf_longlong_dec                     0x00000000   Number         0  stubs.o ABSOLUTE
    _printf_longlong_hex                     0x00000000   Number         0  stubs.o ABSOLUTE
    _printf_longlong_oct                     0x00000000   Number         0  stubs.o ABSOLUTE
    _printf_ls                               0x00000000   Number         0  stubs.o ABSOLUTE
    _printf_mbtowc                           0x00000000   Number         0  stubs.o ABSOLUTE
    _printf_n                                0x00000000   Number         0  stubs.o ABSOLUTE
    _printf_o                                0x00000000   Number         0  stubs.o ABSOLUTE
    _printf_p                                0x00000000   Number         0  stubs.o ABSOLUTE
    _printf_percent                          0x00000000   Number         0  stubs.o ABSOLUTE
    _printf_pre_padding                      0x00000000   Number         0  stubs.o ABSOLUTE
    _printf_return_value                     0x00000000   Number         0  stubs.o ABSOLUTE
    _printf_s                                0x00000000   Number         0  stubs.o ABSOLUTE
    _printf_sizespec                         0x00000000   Number         0  stubs.o ABSOLUTE
    _printf_str                              0x00000000   Number         0  stubs.o ABSOLUTE
    _printf_truncate_signed                  0x00000000   Number         0  stubs.o ABSOLUTE
    _printf_truncate_unsigned                0x00000000   Number         0  stubs.o ABSOLUTE
    _printf_u                                0x00000000   Number         0  stubs.o ABSOLUTE
    _printf_wc                               0x00000000   Number         0  stubs.o ABSOLUTE
    _printf_wctomb                           0x00000000   Number         0  stubs.o ABSOLUTE
    _printf_widthprec                        0x00000000   Number         0  stubs.o ABSOLUTE
    _printf_x                                0x00000000   Number         0  stubs.o ABSOLUTE
    __cpp_initialize__aeabi_                  - Undefined Weak Reference
    __cxa_finalize                            - Undefined Weak Reference
    _clock_init                               - Undefined Weak Reference
    _microlib_exit                            - Undefined Weak Reference
    __Vectors_Size                           0x00000130   Number         0  startup_stm32f103xe.o ABSOLUTE
    __Vectors                                0x08000000   Data           4  startup_stm32f103xe.o(RESET)
    __Vectors_End                            0x08000130   Data           0  startup_stm32f103xe.o(RESET)
    __main                                   0x08000131   Thumb Code     0  entry.o(.ARM.Collect$$$$00000000)
    _main_stk                                0x08000131   Thumb Code     0  entry2.o(.ARM.Collect$$$$00000001)
    _main_scatterload                        0x08000135   Thumb Code     0  entry5.o(.ARM.Collect$$$$00000004)
    __main_after_scatterload                 0x08000139   Thumb Code     0  entry5.o(.ARM.Collect$$$$00000004)
    _main_clock                              0x08000139   Thumb Code     0  entry7b.o(.ARM.Collect$$$$00000008)
    _main_cpp_init                           0x08000139   Thumb Code     0  entry8b.o(.ARM.Collect$$$$0000000A)
    _main_init                               0x08000139   Thumb Code     0  entry9a.o(.ARM.Collect$$$$0000000B)
    __rt_final_cpp                           0x08000141   Thumb Code     0  entry10a.o(.ARM.Collect$$$$0000000D)
    __rt_final_exit                          0x08000141   Thumb Code     0  entry11a.o(.ARM.Collect$$$$0000000F)
    Reset_Handler                            0x08000145   Thumb Code     8  startup_stm32f103xe.o(.text)
    ADC1_2_IRQHandler                        0x0800015f   Thumb Code     0  startup_stm32f103xe.o(.text)
    ADC3_IRQHandler                          0x0800015f   Thumb Code     0  startup_stm32f103xe.o(.text)
    CAN1_RX1_IRQHandler                      0x0800015f   Thumb Code     0  startup_stm32f103xe.o(.text)
    CAN1_SCE_IRQHandler                      0x0800015f   Thumb Code     0  startup_stm32f103xe.o(.text)
    DMA1_Channel1_IRQHandler                 0x0800015f   Thumb Code     0  startup_stm32f103xe.o(.text)
    DMA1_Channel2_IRQHandler                 0x0800015f   Thumb Code     0  startup_stm32f103xe.o(.text)
    DMA1_Channel3_IRQHandler                 0x0800015f   Thumb Code     0  startup_stm32f103xe.o(.text)
    DMA2_Channel1_IRQHandler                 0x0800015f   Thumb Code     0  startup_stm32f103xe.o(.text)
    DMA2_Channel2_IRQHandler                 0x0800015f   Thumb Code     0  startup_stm32f103xe.o(.text)
    DMA2_Channel3_IRQHandler                 0x0800015f   Thumb Code     0  startup_stm32f103xe.o(.text)
    DMA2_Channel4_5_IRQHandler               0x0800015f   Thumb Code     0  startup_stm32f103xe.o(.text)
    EXTI0_IRQHandler                         0x0800015f   Thumb Code     0  startup_stm32f103xe.o(.text)
    EXTI15_10_IRQHandler                     0x0800015f   Thumb Code     0  startup_stm32f103xe.o(.text)
    EXTI1_IRQHandler                         0x0800015f   Thumb Code     0  startup_stm32f103xe.o(.text)
    EXTI2_IRQHandler                         0x0800015f   Thumb Code     0  startup_stm32f103xe.o(.text)
    EXTI3_IRQHandler                         0x0800015f   Thumb Code     0  startup_stm32f103xe.o(.text)
    EXTI4_IRQHandler                         0x0800015f   Thumb Code     0  startup_stm32f103xe.o(.text)
    EXTI9_5_IRQHandler                       0x0800015f   Thumb Code     0  startup_stm32f103xe.o(.text)
    FLASH_IRQHandler                         0x0800015f   Thumb Code     0  startup_stm32f103xe.o(.text)
    FSMC_IRQHandler                          0x0800015f   Thumb Code     0  startup_stm32f103xe.o(.text)
    I2C1_ER_IRQHandler                       0x0800015f   Thumb Code     0  startup_stm32f103xe.o(.text)
    I2C1_EV_IRQHandler                       0x0800015f   Thumb Code     0  startup_stm32f103xe.o(.text)
    I2C2_ER_IRQHandler                       0x0800015f   Thumb Code     0  startup_stm32f103xe.o(.text)
    I2C2_EV_IRQHandler                       0x0800015f   Thumb Code     0  startup_stm32f103xe.o(.text)
    PVD_IRQHandler                           0x0800015f   Thumb Code     0  startup_stm32f103xe.o(.text)
    RCC_IRQHandler                           0x0800015f   Thumb Code     0  startup_stm32f103xe.o(.text)
    RTC_Alarm_IRQHandler                     0x0800015f   Thumb Code     0  startup_stm32f103xe.o(.text)
    RTC_IRQHandler                           0x0800015f   Thumb Code     0  startup_stm32f103xe.o(.text)
    SDIO_IRQHandler                          0x0800015f   Thumb Code     0  startup_stm32f103xe.o(.text)
    SPI1_IRQHandler                          0x0800015f   Thumb Code     0  startup_stm32f103xe.o(.text)
    SPI2_IRQHandler                          0x0800015f   Thumb Code     0  startup_stm32f103xe.o(.text)
    SPI3_IRQHandler                          0x0800015f   Thumb Code     0  startup_stm32f103xe.o(.text)
    TAMPER_IRQHandler                        0x0800015f   Thumb Code     0  startup_stm32f103xe.o(.text)
    TIM1_BRK_IRQHandler                      0x0800015f   Thumb Code     0  startup_stm32f103xe.o(.text)
    TIM1_CC_IRQHandler                       0x0800015f   Thumb Code     0  startup_stm32f103xe.o(.text)
    TIM1_TRG_COM_IRQHandler                  0x0800015f   Thumb Code     0  startup_stm32f103xe.o(.text)
    TIM1_UP_IRQHandler                       0x0800015f   Thumb Code     0  startup_stm32f103xe.o(.text)
    TIM2_IRQHandler                          0x0800015f   Thumb Code     0  startup_stm32f103xe.o(.text)
    TIM4_IRQHandler                          0x0800015f   Thumb Code     0  startup_stm32f103xe.o(.text)
    TIM5_IRQHandler                          0x0800015f   Thumb Code     0  startup_stm32f103xe.o(.text)
    TIM6_IRQHandler                          0x0800015f   Thumb Code     0  startup_stm32f103xe.o(.text)
    TIM7_IRQHandler                          0x0800015f   Thumb Code     0  startup_stm32f103xe.o(.text)
    TIM8_BRK_IRQHandler                      0x0800015f   Thumb Code     0  startup_stm32f103xe.o(.text)
    TIM8_CC_IRQHandler                       0x0800015f   Thumb Code     0  startup_stm32f103xe.o(.text)
    TIM8_TRG_COM_IRQHandler                  0x0800015f   Thumb Code     0  startup_stm32f103xe.o(.text)
    TIM8_UP_IRQHandler                       0x0800015f   Thumb Code     0  startup_stm32f103xe.o(.text)
    UART4_IRQHandler                         0x0800015f   Thumb Code     0  startup_stm32f103xe.o(.text)
    UART5_IRQHandler                         0x0800015f   Thumb Code     0  startup_stm32f103xe.o(.text)
    USART3_IRQHandler                        0x0800015f   Thumb Code     0  startup_stm32f103xe.o(.text)
    USBWakeUp_IRQHandler                     0x0800015f   Thumb Code     0  startup_stm32f103xe.o(.text)
    USB_HP_CAN1_TX_IRQHandler                0x0800015f   Thumb Code     0  startup_stm32f103xe.o(.text)
    USB_LP_CAN1_RX0_IRQHandler               0x0800015f   Thumb Code     0  startup_stm32f103xe.o(.text)
    WWDG_IRQHandler                          0x0800015f   Thumb Code     0  startup_stm32f103xe.o(.text)
    __aeabi_llsr                             0x08000169   Thumb Code    32  llushr.o(.text)
    _ll_ushift_r                             0x08000169   Thumb Code     0  llushr.o(.text)
    __aeabi_memcpy                           0x08000189   Thumb Code    36  memcpya.o(.text)
    __aeabi_memcpy4                          0x08000189   Thumb Code     0  memcpya.o(.text)
    __aeabi_memcpy8                          0x08000189   Thumb Code     0  memcpya.o(.text)
    __aeabi_memset                           0x080001ad   Thumb Code    14  memseta.o(.text)
    __aeabi_memset4                          0x080001ad   Thumb Code     0  memseta.o(.text)
    __aeabi_memset8                          0x080001ad   Thumb Code     0  memseta.o(.text)
    __aeabi_memclr                           0x080001bb   Thumb Code     4  memseta.o(.text)
    __aeabi_memclr4                          0x080001bb   Thumb Code     0  memseta.o(.text)
    __aeabi_memclr8                          0x080001bb   Thumb Code     0  memseta.o(.text)
    _memset$wrapper                          0x080001bf   Thumb Code    18  memseta.o(.text)
    memcmp                                   0x080001d1   Thumb Code    26  memcmp.o(.text)
    __aeabi_fadd                             0x080001eb   Thumb Code   164  fadd.o(.text)
    __aeabi_fsub                             0x0800028f   Thumb Code     6  fadd.o(.text)
    __aeabi_frsub                            0x08000295   Thumb Code     6  fadd.o(.text)
    __aeabi_fmul                             0x0800029b   Thumb Code   100  fmul.o(.text)
    __aeabi_fdiv                             0x080002ff   Thumb Code   124  fdiv.o(.text)
    __aeabi_dadd                             0x0800037b   Thumb Code   322  dadd.o(.text)
    __aeabi_dsub                             0x080004bd   Thumb Code     6  dadd.o(.text)
    __aeabi_drsub                            0x080004c3   Thumb Code     6  dadd.o(.text)
    __aeabi_dmul                             0x080004c9   Thumb Code   228  dmul.o(.text)
    __aeabi_ddiv                             0x080005ad   Thumb Code   222  ddiv.o(.text)
    __aeabi_ui2f                             0x0800068b   Thumb Code    10  ffltui.o(.text)
    __aeabi_i2d                              0x08000695   Thumb Code    34  dflti.o(.text)
    __aeabi_ui2d                             0x080006b7   Thumb Code    26  dfltui.o(.text)
    __aeabi_f2d                              0x080006d1   Thumb Code    38  f2d.o(.text)
    __aeabi_d2f                              0x080006f7   Thumb Code    56  d2f.o(.text)
    __aeabi_uidiv                            0x0800072f   Thumb Code     0  uidiv.o(.text)
    __aeabi_uidivmod                         0x0800072f   Thumb Code    44  uidiv.o(.text)
    __aeabi_uldivmod                         0x0800075b   Thumb Code    98  uldiv.o(.text)
    __aeabi_llsl                             0x080007bd   Thumb Code    30  llshl.o(.text)
    _ll_shift_l                              0x080007bd   Thumb Code     0  llshl.o(.text)
    __aeabi_lasr                             0x080007db   Thumb Code    36  llsshr.o(.text)
    _ll_sshift_r                             0x080007db   Thumb Code     0  llsshr.o(.text)
    __I$use$fp                               0x080007ff   Thumb Code     0  iusefp.o(.text)
    _float_round                             0x080007ff   Thumb Code    18  fepilogue.o(.text)
    _float_epilogue                          0x08000811   Thumb Code    92  fepilogue.o(.text)
    _double_round                            0x0800086d   Thumb Code    30  depilogue.o(.text)
    _double_epilogue                         0x0800088b   Thumb Code   156  depilogue.o(.text)
    __ARM_scalbn                             0x08000927   Thumb Code    46  dscalb.o(.text)
    scalbn                                   0x08000927   Thumb Code     0  dscalb.o(.text)
    __aeabi_d2ulz                            0x08000955   Thumb Code    48  dfixul.o(.text)
    __aeabi_cdrcmple                         0x08000985   Thumb Code    48  cdrcmple.o(.text)
    __scatterload                            0x080009b5   Thumb Code    28  init.o(.text)
    __scatterload_rt2                        0x080009b5   Thumb Code     0  init.o(.text)
    __aeabi_cdcmpeq                          0x080009d9   Thumb Code     0  cdcmple.o(.text)
    __aeabi_cdcmple                          0x080009d9   Thumb Code    48  cdcmple.o(.text)
    __decompress                             0x08000a09   Thumb Code     0  __dczerorl2.o(.text)
    __decompress1                            0x08000a09   Thumb Code    86  __dczerorl2.o(.text)
    ADC_ConversionStop_Disable               0x08000a61   Thumb Code    86  stm32f1xx_hal_adc.o(i.ADC_ConversionStop_Disable)
    BusFault_Handler                         0x08000ab7   Thumb Code     2  stm32f1xx_it.o(i.BusFault_Handler)
    Coefficient_Init                         0x08000ab9   Thumb Code   368  main.o(i.Coefficient_Init)
    DMA1_Channel4_IRQHandler                 0x08000c61   Thumb Code     6  stm32f1xx_it.o(i.DMA1_Channel4_IRQHandler)
    DMA1_Channel5_IRQHandler                 0x08000c6d   Thumb Code     6  stm32f1xx_it.o(i.DMA1_Channel5_IRQHandler)
    DMA1_Channel6_IRQHandler                 0x08000c79   Thumb Code     6  stm32f1xx_it.o(i.DMA1_Channel6_IRQHandler)
    DMA1_Channel7_IRQHandler                 0x08000c85   Thumb Code     6  stm32f1xx_it.o(i.DMA1_Channel7_IRQHandler)
    DebugMon_Handler                         0x08000cbb   Thumb Code     2  stm32f1xx_it.o(i.DebugMon_Handler)
    Error_Handler                            0x08000cbd   Thumb Code     4  main.o(i.Error_Handler)
    FLASH_WaitForLastOperation               0x08000d39   Thumb Code    80  stm32f1xx_hal_flash.o(i.FLASH_WaitForLastOperation)
    GetSpecData                              0x08000d8d   Thumb Code   314  main.o(i.GetSpecData)
    HAL_ADC_ConfigChannel                    0x08000f05   Thumb Code   240  stm32f1xx_hal_adc.o(i.HAL_ADC_ConfigChannel)
    HAL_ADC_Init                             0x08001001   Thumb Code   276  stm32f1xx_hal_adc.o(i.HAL_ADC_Init)
    HAL_ADC_MspInit                          0x08001125   Thumb Code    30  adc.o(i.HAL_ADC_MspInit)
    HAL_DMA_Abort                            0x0800114d   Thumb Code    70  stm32f1xx_hal_dma.o(i.HAL_DMA_Abort)
    HAL_DMA_Abort_IT                         0x08001195   Thumb Code   296  stm32f1xx_hal_dma.o(i.HAL_DMA_Abort_IT)
    HAL_DMA_IRQHandler                       0x080012c5   Thumb Code   552  stm32f1xx_hal_dma.o(i.HAL_DMA_IRQHandler)
    HAL_DMA_Init                             0x0800150d   Thumb Code   112  stm32f1xx_hal_dma.o(i.HAL_DMA_Init)
    HAL_DMA_Start_IT                         0x08001589   Thumb Code   112  stm32f1xx_hal_dma.o(i.HAL_DMA_Start_IT)
    HAL_Delay                                0x080015f9   Thumb Code    32  stm32f1xx_hal.o(i.HAL_Delay)
    HAL_FLASH_Lock                           0x0800161d   Thumb Code    14  stm32f1xx_hal_flash.o(i.HAL_FLASH_Lock)
    HAL_FLASH_Program                        0x08001631   Thumb Code   120  stm32f1xx_hal_flash.o(i.HAL_FLASH_Program)
    HAL_FLASH_Unlock                         0x080016b1   Thumb Code    28  stm32f1xx_hal_flash.o(i.HAL_FLASH_Unlock)
    HAL_GPIO_Init                            0x080016d9   Thumb Code   462  stm32f1xx_hal_gpio.o(i.HAL_GPIO_Init)
    HAL_GPIO_ReadPin                         0x080018d1   Thumb Code    10  stm32f1xx_hal_gpio.o(i.HAL_GPIO_ReadPin)
    HAL_GPIO_TogglePin                       0x080018db   Thumb Code    16  stm32f1xx_hal_gpio.o(i.HAL_GPIO_TogglePin)
    HAL_GPIO_WritePin                        0x080018eb   Thumb Code    10  stm32f1xx_hal_gpio.o(i.HAL_GPIO_WritePin)
    HAL_GetTick                              0x080018f5   Thumb Code     6  stm32f1xx_hal.o(i.HAL_GetTick)
    HAL_IncTick                              0x08001901   Thumb Code    12  stm32f1xx_hal.o(i.HAL_IncTick)
    HAL_Init                                 0x08001911   Thumb Code    32  stm32f1xx_hal.o(i.HAL_Init)
    HAL_InitTick                             0x08001935   Thumb Code    54  stm32f1xx_hal.o(i.HAL_InitTick)
    HAL_MspInit                              0x08001975   Thumb Code    52  stm32f1xx_hal_msp.o(i.HAL_MspInit)
    HAL_NVIC_EnableIRQ                       0x080019b1   Thumb Code    26  stm32f1xx_hal_cortex.o(i.HAL_NVIC_EnableIRQ)
    HAL_NVIC_SetPriority                     0x080019cd   Thumb Code    60  stm32f1xx_hal_cortex.o(i.HAL_NVIC_SetPriority)
    HAL_NVIC_SetPriorityGrouping             0x08001a0d   Thumb Code    26  stm32f1xx_hal_cortex.o(i.HAL_NVIC_SetPriorityGrouping)
    HAL_NVIC_SystemReset                     0x08001a31   Thumb Code    26  stm32f1xx_hal_cortex.o(i.HAL_NVIC_SystemReset)
    HAL_RCCEx_PeriphCLKConfig                0x08001a55   Thumb Code   224  stm32f1xx_hal_rcc_ex.o(i.HAL_RCCEx_PeriphCLKConfig)
    HAL_RCC_ClockConfig                      0x08001b41   Thumb Code   280  stm32f1xx_hal_rcc.o(i.HAL_RCC_ClockConfig)
    HAL_RCC_GetPCLK1Freq                     0x08001c6d   Thumb Code    20  stm32f1xx_hal_rcc.o(i.HAL_RCC_GetPCLK1Freq)
    HAL_RCC_GetPCLK2Freq                     0x08001c8d   Thumb Code    20  stm32f1xx_hal_rcc.o(i.HAL_RCC_GetPCLK2Freq)
    HAL_RCC_GetSysClockFreq                  0x08001cad   Thumb Code    74  stm32f1xx_hal_rcc.o(i.HAL_RCC_GetSysClockFreq)
    HAL_RCC_OscConfig                        0x08001d19   Thumb Code   778  stm32f1xx_hal_rcc.o(i.HAL_RCC_OscConfig)
    HAL_SYSTICK_Config                       0x08002039   Thumb Code    40  stm32f1xx_hal_cortex.o(i.HAL_SYSTICK_Config)
    HAL_TIMEx_BreakCallback                  0x08002061   Thumb Code     2  stm32f1xx_hal_tim_ex.o(i.HAL_TIMEx_BreakCallback)
    HAL_TIMEx_CommutCallback                 0x08002063   Thumb Code     2  stm32f1xx_hal_tim_ex.o(i.HAL_TIMEx_CommutCallback)
    HAL_TIMEx_MasterConfigSynchronization    0x08002065   Thumb Code   104  stm32f1xx_hal_tim_ex.o(i.HAL_TIMEx_MasterConfigSynchronization)
    HAL_TIM_Base_Init                        0x080020e1   Thumb Code    90  stm32f1xx_hal_tim.o(i.HAL_TIM_Base_Init)
    HAL_TIM_Base_MspInit                     0x0800213d   Thumb Code    50  tim.o(i.HAL_TIM_Base_MspInit)
    HAL_TIM_ConfigClockSource                0x08002179   Thumb Code   214  stm32f1xx_hal_tim.o(i.HAL_TIM_ConfigClockSource)
    HAL_TIM_IC_CaptureCallback               0x0800224f   Thumb Code     2  stm32f1xx_hal_tim.o(i.HAL_TIM_IC_CaptureCallback)
    HAL_TIM_IRQHandler                       0x08002251   Thumb Code   358  stm32f1xx_hal_tim.o(i.HAL_TIM_IRQHandler)
    HAL_TIM_MspPostInit                      0x080023b9   Thumb Code    62  tim.o(i.HAL_TIM_MspPostInit)
    HAL_TIM_OC_DelayElapsedCallback          0x08002401   Thumb Code     2  stm32f1xx_hal_tim.o(i.HAL_TIM_OC_DelayElapsedCallback)
    HAL_TIM_PWM_ConfigChannel                0x08002403   Thumb Code   198  stm32f1xx_hal_tim.o(i.HAL_TIM_PWM_ConfigChannel)
    HAL_TIM_PWM_Init                         0x080024c9   Thumb Code    90  stm32f1xx_hal_tim.o(i.HAL_TIM_PWM_Init)
    HAL_TIM_PWM_MspInit                      0x08002525   Thumb Code    30  tim.o(i.HAL_TIM_PWM_MspInit)
    HAL_TIM_PWM_PulseFinishedCallback        0x08002549   Thumb Code     2  stm32f1xx_hal_tim.o(i.HAL_TIM_PWM_PulseFinishedCallback)
    HAL_TIM_PWM_Start                        0x0800254d   Thumb Code   160  stm32f1xx_hal_tim.o(i.HAL_TIM_PWM_Start)
    HAL_TIM_PeriodElapsedCallback            0x08002601   Thumb Code     2  stm32f1xx_hal_tim.o(i.HAL_TIM_PeriodElapsedCallback)
    HAL_TIM_TriggerCallback                  0x08002603   Thumb Code     2  stm32f1xx_hal_tim.o(i.HAL_TIM_TriggerCallback)
    HAL_UARTEx_RxEventCallback               0x08002605   Thumb Code     2  stm32f1xx_hal_uart.o(i.HAL_UARTEx_RxEventCallback)
    HAL_UART_DMAStop                         0x08002607   Thumb Code    88  stm32f1xx_hal_uart.o(i.HAL_UART_DMAStop)
    HAL_UART_ErrorCallback                   0x0800265f   Thumb Code     2  stm32f1xx_hal_uart.o(i.HAL_UART_ErrorCallback)
    HAL_UART_IRQHandler                      0x08002661   Thumb Code   520  stm32f1xx_hal_uart.o(i.HAL_UART_IRQHandler)
    HAL_UART_Init                            0x0800286d   Thumb Code    98  stm32f1xx_hal_uart.o(i.HAL_UART_Init)
    HAL_UART_MspInit                         0x080028d1   Thumb Code   374  usart.o(i.HAL_UART_MspInit)
    HAL_UART_Receive_DMA                     0x08002a61   Thumb Code    42  stm32f1xx_hal_uart.o(i.HAL_UART_Receive_DMA)
    HAL_UART_RxCpltCallback                  0x08002a8b   Thumb Code     2  stm32f1xx_hal_uart.o(i.HAL_UART_RxCpltCallback)
    HAL_UART_RxHalfCpltCallback              0x08002a8d   Thumb Code     2  stm32f1xx_hal_uart.o(i.HAL_UART_RxHalfCpltCallback)
    HAL_UART_Transmit                        0x08002a91   Thumb Code   178  stm32f1xx_hal_uart.o(i.HAL_UART_Transmit)
    HAL_UART_TxCpltCallback                  0x08002b43   Thumb Code     2  stm32f1xx_hal_uart.o(i.HAL_UART_TxCpltCallback)
    HardFault_Handler                        0x08002b45   Thumb Code     2  stm32f1xx_it.o(i.HardFault_Handler)
    IIC_ACK                                  0x08002b49   Thumb Code    90  s_iic.o(i.IIC_ACK)
    IIC_NACK                                 0x08002ba9   Thumb Code    90  s_iic.o(i.IIC_NACK)
    IIC_ReceiveData                          0x08002c09   Thumb Code   108  s_iic.o(i.IIC_ReceiveData)
    IIC_SendByte                             0x08002c79   Thumb Code   110  s_iic.o(i.IIC_SendByte)
    IIC_Start                                0x08002ced   Thumb Code    78  s_iic.o(i.IIC_Start)
    IIC_Stop                                 0x08002d41   Thumb Code    84  s_iic.o(i.IIC_Stop)
    IIC_WaitACK                              0x08002d99   Thumb Code   154  s_iic.o(i.IIC_WaitACK)
    Judge_SpecStatus                         0x08002e39   Thumb Code    92  main.o(i.Judge_SpecStatus)
    MX_ADC1_Init                             0x08002ea5   Thumb Code    72  adc.o(i.MX_ADC1_Init)
    MX_DMA_Init                              0x08002ef5   Thumb Code    88  dma.o(i.MX_DMA_Init)
    MX_GPIO_Init                             0x08002f51   Thumb Code    88  gpio.o(i.MX_GPIO_Init)
    MX_TIM2_Init                             0x08002fb1   Thumb Code   108  tim.o(i.MX_TIM2_Init)
    MX_TIM3_Init                             0x08003021   Thumb Code    98  tim.o(i.MX_TIM3_Init)
    MX_USART1_UART_Init                      0x0800308d   Thumb Code    54  usart.o(i.MX_USART1_UART_Init)
    MX_USART2_UART_Init                      0x080030cd   Thumb Code    54  usart.o(i.MX_USART2_UART_Init)
    MemManage_Handler                        0x0800310d   Thumb Code     2  stm32f1xx_it.o(i.MemManage_Handler)
    ModBus_CRC16                             0x08003111   Thumb Code    66  tool.o(i.ModBus_CRC16)
    NMI_Handler                              0x08003159   Thumb Code     2  stm32f1xx_it.o(i.NMI_Handler)
    PWM_PulseWidth                           0x0800315d   Thumb Code     8  tim.o(i.PWM_PulseWidth)
    PendSV_Handler                           0x08003169   Thumb Code     2  stm32f1xx_it.o(i.PendSV_Handler)
    SHT30_ReadData                           0x0800316d   Thumb Code   260  s_iic.o(i.SHT30_ReadData)
    SPEC_Init                                0x0800328d   Thumb Code    74  main.o(i.SPEC_Init)
    STM32FLASH_ErasePage                     0x080032e1   Thumb Code    28  flash.o(i.STM32FLASH_ErasePage)
    STM32FLASH_Read                          0x08003305   Thumb Code    26  flash.o(i.STM32FLASH_Read)
    STM32FLASH_Write                         0x08003321   Thumb Code   222  flash.o(i.STM32FLASH_Write)
    STM32FLASH_WriteEnergy                   0x08003419   Thumb Code   344  main.o(i.STM32FLASH_WriteEnergy)
    STM32FLASH_WriteForce                    0x08003595   Thumb Code    44  flash.o(i.STM32FLASH_WriteForce)
    STM32FLASH_WriteWave                     0x080035c1   Thumb Code   116  main.o(i.STM32FLASH_WriteWave)
    STM32_Init                               0x0800364d   Thumb Code    58  main.o(i.STM32_Init)
    SVC_Handler                              0x080036a1   Thumb Code     2  stm32f1xx_it.o(i.SVC_Handler)
    Send_Double                              0x080036a5   Thumb Code    82  tool.o(i.Send_Double)
    Send_Float                               0x08003701   Thumb Code    74  tool.o(i.Send_Float)
    SysTick_Handler                          0x08003755   Thumb Code     4  stm32f1xx_it.o(i.SysTick_Handler)
    SystemClock_Config                       0x08003759   Thumb Code   122  main.o(i.SystemClock_Config)
    SystemInit                               0x080037d3   Thumb Code     2  system_stm32f1xx.o(i.SystemInit)
    TIM3_IRQHandler                          0x080037d5   Thumb Code     6  stm32f1xx_it.o(i.TIM3_IRQHandler)
    TIM_Base_SetConfig                       0x080037e1   Thumb Code   120  stm32f1xx_hal_tim.o(i.TIM_Base_SetConfig)
    TIM_CCxChannelCmd                        0x0800386d   Thumb Code    26  stm32f1xx_hal_tim.o(i.TIM_CCxChannelCmd)
    TIM_ETR_SetConfig                        0x08003887   Thumb Code    20  stm32f1xx_hal_tim.o(i.TIM_ETR_SetConfig)
    TIM_OC2_SetConfig                        0x0800390d   Thumb Code    98  stm32f1xx_hal_tim.o(i.TIM_OC2_SetConfig)
    UART_Start_Receive_DMA                   0x08003cf5   Thumb Code    98  stm32f1xx_hal_uart.o(i.UART_Start_Receive_DMA)
    USART1_IRQHandler                        0x08003dc9   Thumb Code    80  stm32f1xx_it.o(i.USART1_IRQHandler)
    USART2_IRQHandler                        0x08003e2d   Thumb Code    90  stm32f1xx_it.o(i.USART2_IRQHandler)
    UnderCoefficient                         0x08003ea1   Thumb Code   926  main.o(i.UnderCoefficient)
    UnderCoefficient_WithoutLightpath        0x08004291   Thumb Code   904  main.o(i.UnderCoefficient_WithoutLightpath)
    UsageFault_Handler                       0x08004669   Thumb Code     2  stm32f1xx_it.o(i.UsageFault_Handler)
    WaitandClear                             0x0800466d   Thumb Code   130  main.o(i.WaitandClear)
    __0printf                                0x08004705   Thumb Code    22  printfa.o(i.__0printf)
    __1printf                                0x08004705   Thumb Code     0  printfa.o(i.__0printf)
    __2printf                                0x08004705   Thumb Code     0  printfa.o(i.__0printf)
    __c89printf                              0x08004705   Thumb Code     0  printfa.o(i.__0printf)
    printf                                   0x08004705   Thumb Code     0  printfa.o(i.__0printf)
    __kernel_poly                            0x08004745   Thumb Code   170  poly.o(i.__kernel_poly)
    __mathlib_dbl_divzero                    0x080047f1   Thumb Code    12  dunder.o(i.__mathlib_dbl_divzero)
    __mathlib_dbl_infnan                     0x08004801   Thumb Code     6  dunder.o(i.__mathlib_dbl_infnan)
    __mathlib_dbl_invalid                    0x08004807   Thumb Code    12  dunder.o(i.__mathlib_dbl_invalid)
    __scatterload_copy                       0x08004813   Thumb Code    14  handlers.o(i.__scatterload_copy)
    __scatterload_null                       0x08004821   Thumb Code     2  handlers.o(i.__scatterload_null)
    __scatterload_zeroinit                   0x08004823   Thumb Code    14  handlers.o(i.__scatterload_zeroinit)
    __set_errno                              0x08004831   Thumb Code     6  errno.o(i.__set_errno)
    delay_us                                 0x080050d1   Thumb Code    74  main.o(i.delay_us)
    fputc                                    0x08005121   Thumb Code    18  usart.o(i.fputc)
    log                                      0x08005139   Thumb Code   808  log.o(i.log)
    log10                                    0x08005495   Thumb Code   198  log10.o(i.log10)
    main                                     0x08005579   Thumb Code  2478  main.o(i.main)
    memv                                     0x08005f39   Thumb Code    38  tool.o(i.memv)
    AHBPrescTable                            0x08005f64   Data          16  system_stm32f1xx.o(.constdata)
    APBPrescTable                            0x08005f74   Data           8  system_stm32f1xx.o(.constdata)
    __mathlib_zero                           0x08005fb8   Data           8  qnan.o(.constdata)
    Region$$Table$$Base                      0x08005fc0   Number         0  anon$$obj.o(Region$$Table)
    Region$$Table$$Limit                     0x08005fe0   Number         0  anon$$obj.o(Region$$Table)
    WHILEA                                   0x20000000   Data           1  main.o(.data)
    A                                        0x20000001   Data           1  main.o(.data)
    FLASHSTATUS                              0x20000002   Data           1  main.o(.data)
    CRC16                                    0x20000004   Data           2  main.o(.data)
    USART1_Tsimen_ERROR                      0x2000000b   Data           3  main.o(.data)
    i                                        0x2000001c   Data           4  main.o(.data)
    Optical_path                             0x20000020   Data           4  main.o(.data)
    PWM_DARK                                 0x20000024   Data           4  main.o(.data)
    PWM_REFERENCE                            0x20000028   Data           4  main.o(.data)
    PWM_SAMPLE                               0x2000002c   Data           4  main.o(.data)
    CHECKDATA                                0x20000075   Data           8  main.o(.data)
    Wavelength                               0x20000080   Data           8  main.o(.data)
    CRC_DATA                                 0x20000120   Data           8  main.o(.data)
    USART_RX1_LEN                            0x20000184   Data           2  usart.o(.data)
    USART_RX2_LEN                            0x20000186   Data           2  usart.o(.data)
    USART_RX2_LENDEMO                        0x20000188   Data           1  usart.o(.data)
    crc                                      0x2000018c   Data           2  tool.o(.data)
    CRC_j                                    0x20000190   Data           4  tool.o(.data)
    CRC_i                                    0x20000194   Data           4  tool.o(.data)
    memv_i                                   0x20000198   Data           4  tool.o(.data)
    Dou_i                                    0x2000019c   Data           4  tool.o(.data)
    Ene_i                                    0x200001a0   Data           4  tool.o(.data)
    FloatBuf                                 0x200001a4   Data           4  tool.o(.data)
    DoubleBuf                                0x200001a8   Data           8  tool.o(.data)
    uwTickFreq                               0x200001b0   Data           1  stm32f1xx_hal.o(.data)
    uwTickPrio                               0x200001b4   Data           4  stm32f1xx_hal.o(.data)
    uwTick                                   0x200001b8   Data           4  stm32f1xx_hal.o(.data)
    SystemCoreClock                          0x200001bc   Data           4  system_stm32f1xx.o(.data)
    __stdout                                 0x200001c0   Data           4  stdout.o(.data)
    p_Flash                                  0x200001c8   Data          32  flash.o(.bss)
    STM32FLASH_BUFFER                        0x200001e8   Data        2048  flash.o(.bss)
    DarkData                                 0x200009e8   Data        4096  main.o(.bss)
    RefData                                  0x200019e8   Data        4096  main.o(.bss)
    SamData                                  0x200029e8   Data        4096  main.o(.bss)
    ABS                                      0x200039e8   Data        4096  main.o(.bss)
    hadc1                                    0x200049e8   Data          48  adc.o(.bss)
    htim2                                    0x20004a18   Data          72  tim.o(.bss)
    htim3                                    0x20004a60   Data          72  tim.o(.bss)
    USART_RX1_BUFFER                         0x20004aa8   Data        4200  usart.o(.bss)
    USART_RX2_BUFFER                         0x20005b10   Data        2063  usart.o(.bss)
    DATA_CACHE1                              0x2000631f   Data        4200  usart.o(.bss)
    DATA_CACHE2                              0x20007387   Data        2063  usart.o(.bss)
    huart1                                   0x20007b98   Data          68  usart.o(.bss)
    huart2                                   0x20007bdc   Data          68  usart.o(.bss)
    hdma_usart1_rx                           0x20007c20   Data          68  usart.o(.bss)
    hdma_usart1_tx                           0x20007c64   Data          68  usart.o(.bss)
    hdma_usart2_rx                           0x20007ca8   Data          68  usart.o(.bss)
    hdma_usart2_tx                           0x20007cec   Data          68  usart.o(.bss)
    Energy_Coefficient                       0x20007d30   Data        8192  tool.o(.bss)
    Wave_Coefficient                         0x20009d30   Data          48  tool.o(.bss)
    pFlash                                   0x20009d60   Data          32  stm32f1xx_hal_flash.o(.bss)
    __initial_sp                             0x2000a180   Data           0  startup_stm32f103xe.o(STACK)



==============================================================================

Memory Map of the image

  Image Entry point : 0x08000131

  Load Region LR_IROM1 (Base: 0x08000000, Size: 0x000061a8, Max: 0x00080000, ABSOLUTE, COMPRESSED[0x0000610c])

    Execution Region ER_IROM1 (Base: 0x08000000, Size: 0x00005fe0, Max: 0x00080000, ABSOLUTE)

    Base Addr    Size         Type   Attr      Idx    E Section Name        Object

    0x08000000   0x00000130   Data   RO            3    RESET               startup_stm32f103xe.o
    0x08000130   0x00000000   Code   RO         3487  * .ARM.Collect$$$$00000000  mc_w.l(entry.o)
    0x08000130   0x00000004   Code   RO         3807    .ARM.Collect$$$$00000001  mc_w.l(entry2.o)
    0x08000134   0x00000004   Code   RO         3810    .ARM.Collect$$$$00000004  mc_w.l(entry5.o)
    0x08000138   0x00000000   Code   RO         3812    .ARM.Collect$$$$00000008  mc_w.l(entry7b.o)
    0x08000138   0x00000000   Code   RO         3814    .ARM.Collect$$$$0000000A  mc_w.l(entry8b.o)
    0x08000138   0x00000008   Code   RO         3815    .ARM.Collect$$$$0000000B  mc_w.l(entry9a.o)
    0x08000140   0x00000000   Code   RO         3817    .ARM.Collect$$$$0000000D  mc_w.l(entry10a.o)
    0x08000140   0x00000000   Code   RO         3819    .ARM.Collect$$$$0000000F  mc_w.l(entry11a.o)
    0x08000140   0x00000004   Code   RO         3808    .ARM.Collect$$$$00002712  mc_w.l(entry2.o)
    0x08000144   0x00000024   Code   RO            4    .text               startup_stm32f103xe.o
    0x08000168   0x00000020   Code   RO         3490    .text               mc_w.l(llushr.o)
    0x08000188   0x00000024   Code   RO         3492    .text               mc_w.l(memcpya.o)
    0x080001ac   0x00000024   Code   RO         3494    .text               mc_w.l(memseta.o)
    0x080001d0   0x0000001a   Code   RO         3496    .text               mc_w.l(memcmp.o)
    0x080001ea   0x000000b0   Code   RO         3761    .text               mf_w.l(fadd.o)
    0x0800029a   0x00000064   Code   RO         3763    .text               mf_w.l(fmul.o)
    0x080002fe   0x0000007c   Code   RO         3765    .text               mf_w.l(fdiv.o)
    0x0800037a   0x0000014e   Code   RO         3767    .text               mf_w.l(dadd.o)
    0x080004c8   0x000000e4   Code   RO         3769    .text               mf_w.l(dmul.o)
    0x080005ac   0x000000de   Code   RO         3771    .text               mf_w.l(ddiv.o)
    0x0800068a   0x0000000a   Code   RO         3773    .text               mf_w.l(ffltui.o)
    0x08000694   0x00000022   Code   RO         3775    .text               mf_w.l(dflti.o)
    0x080006b6   0x0000001a   Code   RO         3777    .text               mf_w.l(dfltui.o)
    0x080006d0   0x00000026   Code   RO         3779    .text               mf_w.l(f2d.o)
    0x080006f6   0x00000038   Code   RO         3781    .text               mf_w.l(d2f.o)
    0x0800072e   0x0000002c   Code   RO         3822    .text               mc_w.l(uidiv.o)
    0x0800075a   0x00000062   Code   RO         3824    .text               mc_w.l(uldiv.o)
    0x080007bc   0x0000001e   Code   RO         3826    .text               mc_w.l(llshl.o)
    0x080007da   0x00000024   Code   RO         3828    .text               mc_w.l(llsshr.o)
    0x080007fe   0x00000000   Code   RO         3837    .text               mc_w.l(iusefp.o)
    0x080007fe   0x0000006e   Code   RO         3838    .text               mf_w.l(fepilogue.o)
    0x0800086c   0x000000ba   Code   RO         3840    .text               mf_w.l(depilogue.o)
    0x08000926   0x0000002e   Code   RO         3842    .text               mf_w.l(dscalb.o)
    0x08000954   0x00000030   Code   RO         3844    .text               mf_w.l(dfixul.o)
    0x08000984   0x00000030   Code   RO         3846    .text               mf_w.l(cdrcmple.o)
    0x080009b4   0x00000024   Code   RO         3851    .text               mc_w.l(init.o)
    0x080009d8   0x00000030   Code   RO         3853    .text               mf_w.l(cdcmple.o)
    0x08000a08   0x00000056   Code   RO         3863    .text               mc_w.l(__dczerorl2.o)
    0x08000a5e   0x00000002   PAD
    0x08000a60   0x00000056   Code   RO          863    i.ADC_ConversionStop_Disable  stm32f1xx_hal_adc.o
    0x08000ab6   0x00000002   Code   RO          624    i.BusFault_Handler  stm32f1xx_it.o
    0x08000ab8   0x000001a8   Code   RO          242    i.Coefficient_Init  main.o
    0x08000c60   0x0000000c   Code   RO          625    i.DMA1_Channel4_IRQHandler  stm32f1xx_it.o
    0x08000c6c   0x0000000c   Code   RO          626    i.DMA1_Channel5_IRQHandler  stm32f1xx_it.o
    0x08000c78   0x0000000c   Code   RO          627    i.DMA1_Channel6_IRQHandler  stm32f1xx_it.o
    0x08000c84   0x0000000c   Code   RO          628    i.DMA1_Channel7_IRQHandler  stm32f1xx_it.o
    0x08000c90   0x0000002a   Code   RO         1517    i.DMA_SetConfig     stm32f1xx_hal_dma.o
    0x08000cba   0x00000002   Code   RO          629    i.DebugMon_Handler  stm32f1xx_it.o
    0x08000cbc   0x00000004   Code   RO          243    i.Error_Handler     main.o
    0x08000cc0   0x0000001c   Code   RO         1854    i.FLASH_Program_HalfWord  stm32f1xx_hal_flash.o
    0x08000cdc   0x0000005c   Code   RO         1855    i.FLASH_SetErrorCode  stm32f1xx_hal_flash.o
    0x08000d38   0x00000054   Code   RO         1856    i.FLASH_WaitForLastOperation  stm32f1xx_hal_flash.o
    0x08000d8c   0x00000178   Code   RO          244    i.GetSpecData       main.o
    0x08000f04   0x000000fc   Code   RO          869    i.HAL_ADC_ConfigChannel  stm32f1xx_hal_adc.o
    0x08001000   0x00000124   Code   RO          878    i.HAL_ADC_Init      stm32f1xx_hal_adc.o
    0x08001124   0x00000028   Code   RO          413    i.HAL_ADC_MspInit   adc.o
    0x0800114c   0x00000046   Code   RO         1518    i.HAL_DMA_Abort     stm32f1xx_hal_dma.o
    0x08001192   0x00000002   PAD
    0x08001194   0x00000130   Code   RO         1519    i.HAL_DMA_Abort_IT  stm32f1xx_hal_dma.o
    0x080012c4   0x00000248   Code   RO         1523    i.HAL_DMA_IRQHandler  stm32f1xx_hal_dma.o
    0x0800150c   0x0000007c   Code   RO         1524    i.HAL_DMA_Init      stm32f1xx_hal_dma.o
    0x08001588   0x00000070   Code   RO         1528    i.HAL_DMA_Start_IT  stm32f1xx_hal_dma.o
    0x080015f8   0x00000024   Code   RO         1146    i.HAL_Delay         stm32f1xx_hal.o
    0x0800161c   0x00000014   Code   RO         1860    i.HAL_FLASH_Lock    stm32f1xx_hal_flash.o
    0x08001630   0x00000080   Code   RO         1865    i.HAL_FLASH_Program  stm32f1xx_hal_flash.o
    0x080016b0   0x00000028   Code   RO         1867    i.HAL_FLASH_Unlock  stm32f1xx_hal_flash.o
    0x080016d8   0x000001f8   Code   RO         1454    i.HAL_GPIO_Init     stm32f1xx_hal_gpio.o
    0x080018d0   0x0000000a   Code   RO         1456    i.HAL_GPIO_ReadPin  stm32f1xx_hal_gpio.o
    0x080018da   0x00000010   Code   RO         1457    i.HAL_GPIO_TogglePin  stm32f1xx_hal_gpio.o
    0x080018ea   0x0000000a   Code   RO         1458    i.HAL_GPIO_WritePin  stm32f1xx_hal_gpio.o
    0x080018f4   0x0000000c   Code   RO         1150    i.HAL_GetTick       stm32f1xx_hal.o
    0x08001900   0x00000010   Code   RO         1156    i.HAL_IncTick       stm32f1xx_hal.o
    0x08001910   0x00000024   Code   RO         1157    i.HAL_Init          stm32f1xx_hal.o
    0x08001934   0x00000040   Code   RO         1158    i.HAL_InitTick      stm32f1xx_hal.o
    0x08001974   0x0000003c   Code   RO          742    i.HAL_MspInit       stm32f1xx_hal_msp.o
    0x080019b0   0x0000001a   Code   RO         1614    i.HAL_NVIC_EnableIRQ  stm32f1xx_hal_cortex.o
    0x080019ca   0x00000002   PAD
    0x080019cc   0x00000040   Code   RO         1620    i.HAL_NVIC_SetPriority  stm32f1xx_hal_cortex.o
    0x08001a0c   0x00000024   Code   RO         1621    i.HAL_NVIC_SetPriorityGrouping  stm32f1xx_hal_cortex.o
    0x08001a30   0x00000024   Code   RO         1622    i.HAL_NVIC_SystemReset  stm32f1xx_hal_cortex.o
    0x08001a54   0x000000ec   Code   RO         1417    i.HAL_RCCEx_PeriphCLKConfig  stm32f1xx_hal_rcc_ex.o
    0x08001b40   0x0000012c   Code   RO         1314    i.HAL_RCC_ClockConfig  stm32f1xx_hal_rcc.o
    0x08001c6c   0x00000020   Code   RO         1321    i.HAL_RCC_GetPCLK1Freq  stm32f1xx_hal_rcc.o
    0x08001c8c   0x00000020   Code   RO         1322    i.HAL_RCC_GetPCLK2Freq  stm32f1xx_hal_rcc.o
    0x08001cac   0x0000006c   Code   RO         1323    i.HAL_RCC_GetSysClockFreq  stm32f1xx_hal_rcc.o
    0x08001d18   0x00000320   Code   RO         1326    i.HAL_RCC_OscConfig  stm32f1xx_hal_rcc.o
    0x08002038   0x00000028   Code   RO         1625    i.HAL_SYSTICK_Config  stm32f1xx_hal_cortex.o
    0x08002060   0x00000002   Code   RO         2820    i.HAL_TIMEx_BreakCallback  stm32f1xx_hal_tim_ex.o
    0x08002062   0x00000002   Code   RO         2821    i.HAL_TIMEx_CommutCallback  stm32f1xx_hal_tim_ex.o
    0x08002064   0x0000007c   Code   RO         2839    i.HAL_TIMEx_MasterConfigSynchronization  stm32f1xx_hal_tim_ex.o
    0x080020e0   0x0000005a   Code   RO         2116    i.HAL_TIM_Base_Init  stm32f1xx_hal_tim.o
    0x0800213a   0x00000002   PAD
    0x0800213c   0x0000003c   Code   RO          492    i.HAL_TIM_Base_MspInit  tim.o
    0x08002178   0x000000d6   Code   RO         2125    i.HAL_TIM_ConfigClockSource  stm32f1xx_hal_tim.o
    0x0800224e   0x00000002   Code   RO         2150    i.HAL_TIM_IC_CaptureCallback  stm32f1xx_hal_tim.o
    0x08002250   0x00000166   Code   RO         2164    i.HAL_TIM_IRQHandler  stm32f1xx_hal_tim.o
    0x080023b6   0x00000002   PAD
    0x080023b8   0x00000048   Code   RO          493    i.HAL_TIM_MspPostInit  tim.o
    0x08002400   0x00000002   Code   RO         2167    i.HAL_TIM_OC_DelayElapsedCallback  stm32f1xx_hal_tim.o
    0x08002402   0x000000c6   Code   RO         2188    i.HAL_TIM_PWM_ConfigChannel  stm32f1xx_hal_tim.o
    0x080024c8   0x0000005a   Code   RO         2191    i.HAL_TIM_PWM_Init  stm32f1xx_hal_tim.o
    0x08002522   0x00000002   PAD
    0x08002524   0x00000024   Code   RO          495    i.HAL_TIM_PWM_MspInit  tim.o
    0x08002548   0x00000002   Code   RO         2194    i.HAL_TIM_PWM_PulseFinishedCallback  stm32f1xx_hal_tim.o
    0x0800254a   0x00000002   PAD
    0x0800254c   0x000000b4   Code   RO         2196    i.HAL_TIM_PWM_Start  stm32f1xx_hal_tim.o
    0x08002600   0x00000002   Code   RO         2202    i.HAL_TIM_PeriodElapsedCallback  stm32f1xx_hal_tim.o
    0x08002602   0x00000002   Code   RO         2207    i.HAL_TIM_TriggerCallback  stm32f1xx_hal_tim.o
    0x08002604   0x00000002   Code   RO         3098    i.HAL_UARTEx_RxEventCallback  stm32f1xx_hal_uart.o
    0x08002606   0x00000058   Code   RO         3110    i.HAL_UART_DMAStop  stm32f1xx_hal_uart.o
    0x0800265e   0x00000002   Code   RO         3112    i.HAL_UART_ErrorCallback  stm32f1xx_hal_uart.o
    0x08002660   0x0000020c   Code   RO         3115    i.HAL_UART_IRQHandler  stm32f1xx_hal_uart.o
    0x0800286c   0x00000062   Code   RO         3116    i.HAL_UART_Init     stm32f1xx_hal_uart.o
    0x080028ce   0x00000002   PAD
    0x080028d0   0x00000190   Code   RO          564    i.HAL_UART_MspInit  usart.o
    0x08002a60   0x0000002a   Code   RO         3120    i.HAL_UART_Receive_DMA  stm32f1xx_hal_uart.o
    0x08002a8a   0x00000002   Code   RO         3122    i.HAL_UART_RxCpltCallback  stm32f1xx_hal_uart.o
    0x08002a8c   0x00000002   Code   RO         3123    i.HAL_UART_RxHalfCpltCallback  stm32f1xx_hal_uart.o
    0x08002a8e   0x00000002   PAD
    0x08002a90   0x000000b2   Code   RO         3124    i.HAL_UART_Transmit  stm32f1xx_hal_uart.o
    0x08002b42   0x00000002   Code   RO         3127    i.HAL_UART_TxCpltCallback  stm32f1xx_hal_uart.o
    0x08002b44   0x00000002   Code   RO          630    i.HardFault_Handler  stm32f1xx_it.o
    0x08002b46   0x00000002   PAD
    0x08002b48   0x00000060   Code   RO          163    i.IIC_ACK           s_iic.o
    0x08002ba8   0x00000060   Code   RO          164    i.IIC_NACK          s_iic.o
    0x08002c08   0x00000070   Code   RO          165    i.IIC_ReceiveData   s_iic.o
    0x08002c78   0x00000074   Code   RO          166    i.IIC_SendByte      s_iic.o
    0x08002cec   0x00000054   Code   RO          167    i.IIC_Start         s_iic.o
    0x08002d40   0x00000058   Code   RO          168    i.IIC_Stop          s_iic.o
    0x08002d98   0x000000a0   Code   RO          169    i.IIC_WaitACK       s_iic.o
    0x08002e38   0x0000006c   Code   RO          245    i.Judge_SpecStatus  main.o
    0x08002ea4   0x00000050   Code   RO          416    i.MX_ADC1_Init      adc.o
    0x08002ef4   0x0000005c   Code   RO          467    i.MX_DMA_Init       dma.o
    0x08002f50   0x00000060   Code   RO          388    i.MX_GPIO_Init      gpio.o
    0x08002fb0   0x00000070   Code   RO          496    i.MX_TIM2_Init      tim.o
    0x08003020   0x0000006c   Code   RO          497    i.MX_TIM3_Init      tim.o
    0x0800308c   0x00000040   Code   RO          565    i.MX_USART1_UART_Init  usart.o
    0x080030cc   0x00000040   Code   RO          566    i.MX_USART2_UART_Init  usart.o
    0x0800310c   0x00000002   Code   RO          631    i.MemManage_Handler  stm32f1xx_it.o
    0x0800310e   0x00000002   PAD
    0x08003110   0x00000048   Code   RO          766    i.ModBus_CRC16      tool.o
    0x08003158   0x00000002   Code   RO          632    i.NMI_Handler       stm32f1xx_it.o
    0x0800315a   0x00000002   PAD
    0x0800315c   0x0000000c   Code   RO          498    i.PWM_PulseWidth    tim.o
    0x08003168   0x00000002   Code   RO          633    i.PendSV_Handler    stm32f1xx_it.o
    0x0800316a   0x00000002   PAD
    0x0800316c   0x00000120   Code   RO          170    i.SHT30_ReadData    s_iic.o
    0x0800328c   0x00000054   Code   RO          246    i.SPEC_Init         main.o
    0x080032e0   0x00000024   Code   RO           13    i.STM32FLASH_ErasePage  flash.o
    0x08003304   0x0000001a   Code   RO           14    i.STM32FLASH_Read   flash.o
    0x0800331e   0x00000002   PAD
    0x08003320   0x000000f8   Code   RO           16    i.STM32FLASH_Write  flash.o
    0x08003418   0x0000017c   Code   RO          247    i.STM32FLASH_WriteEnergy  main.o
    0x08003594   0x0000002c   Code   RO           17    i.STM32FLASH_WriteForce  flash.o
    0x080035c0   0x0000008c   Code   RO          248    i.STM32FLASH_WriteWave  main.o
    0x0800364c   0x00000054   Code   RO          249    i.STM32_Init        main.o
    0x080036a0   0x00000002   Code   RO          634    i.SVC_Handler       stm32f1xx_it.o
    0x080036a2   0x00000002   PAD
    0x080036a4   0x0000005c   Code   RO          769    i.Send_Double       tool.o
    0x08003700   0x00000054   Code   RO          770    i.Send_Float        tool.o
    0x08003754   0x00000004   Code   RO          635    i.SysTick_Handler   stm32f1xx_it.o
    0x08003758   0x0000007a   Code   RO          250    i.SystemClock_Config  main.o
    0x080037d2   0x00000002   Code   RO         3445    i.SystemInit        system_stm32f1xx.o
    0x080037d4   0x0000000c   Code   RO          636    i.TIM3_IRQHandler   stm32f1xx_it.o
    0x080037e0   0x0000008c   Code   RO         2209    i.TIM_Base_SetConfig  stm32f1xx_hal_tim.o
    0x0800386c   0x0000001a   Code   RO         2210    i.TIM_CCxChannelCmd  stm32f1xx_hal_tim.o
    0x08003886   0x00000014   Code   RO         2220    i.TIM_ETR_SetConfig  stm32f1xx_hal_tim.o
    0x0800389a   0x00000010   Code   RO         2221    i.TIM_ITRx_SetConfig  stm32f1xx_hal_tim.o
    0x080038aa   0x00000002   PAD
    0x080038ac   0x00000060   Code   RO         2222    i.TIM_OC1_SetConfig  stm32f1xx_hal_tim.o
    0x0800390c   0x0000006c   Code   RO         2223    i.TIM_OC2_SetConfig  stm32f1xx_hal_tim.o
    0x08003978   0x00000068   Code   RO         2224    i.TIM_OC3_SetConfig  stm32f1xx_hal_tim.o
    0x080039e0   0x00000050   Code   RO         2225    i.TIM_OC4_SetConfig  stm32f1xx_hal_tim.o
    0x08003a30   0x00000022   Code   RO         2227    i.TIM_TI1_ConfigInputStage  stm32f1xx_hal_tim.o
    0x08003a52   0x00000024   Code   RO         2229    i.TIM_TI2_ConfigInputStage  stm32f1xx_hal_tim.o
    0x08003a76   0x00000010   Code   RO         3129    i.UART_DMAAbortOnError  stm32f1xx_hal_uart.o
    0x08003a86   0x0000004a   Code   RO         3130    i.UART_DMAError     stm32f1xx_hal_uart.o
    0x08003ad0   0x0000005a   Code   RO         3131    i.UART_DMAReceiveCplt  stm32f1xx_hal_uart.o
    0x08003b2a   0x0000001a   Code   RO         3133    i.UART_DMARxHalfCplt  stm32f1xx_hal_uart.o
    0x08003b44   0x00000030   Code   RO         3139    i.UART_EndRxTransfer  stm32f1xx_hal_uart.o
    0x08003b74   0x00000012   Code   RO         3140    i.UART_EndTxTransfer  stm32f1xx_hal_uart.o
    0x08003b86   0x000000b6   Code   RO         3141    i.UART_Receive_IT   stm32f1xx_hal_uart.o
    0x08003c3c   0x000000b8   Code   RO         3142    i.UART_SetConfig    stm32f1xx_hal_uart.o
    0x08003cf4   0x00000070   Code   RO         3143    i.UART_Start_Receive_DMA  stm32f1xx_hal_uart.o
    0x08003d64   0x00000064   Code   RO         3145    i.UART_WaitOnFlagUntilTimeout  stm32f1xx_hal_uart.o
    0x08003dc8   0x00000064   Code   RO          637    i.USART1_IRQHandler  stm32f1xx_it.o
    0x08003e2c   0x00000074   Code   RO          638    i.USART2_IRQHandler  stm32f1xx_it.o
    0x08003ea0   0x000003f0   Code   RO          251    i.UnderCoefficient  main.o
    0x08004290   0x000003d8   Code   RO          252    i.UnderCoefficient_WithoutLightpath  main.o
    0x08004668   0x00000002   Code   RO          639    i.UsageFault_Handler  stm32f1xx_it.o
    0x0800466a   0x00000002   PAD
    0x0800466c   0x00000098   Code   RO          253    i.WaitandClear      main.o
    0x08004704   0x00000020   Code   RO         3733    i.__0printf         mc_w.l(printfa.o)
    0x08004724   0x00000020   Code   RO         1627    i.__NVIC_SetPriority  stm32f1xx_hal_cortex.o
    0x08004744   0x000000aa   Code   RO         3848    i.__kernel_poly     m_ws.l(poly.o)
    0x080047ee   0x00000002   PAD
    0x080047f0   0x00000010   Code   RO         3783    i.__mathlib_dbl_divzero  m_ws.l(dunder.o)
    0x08004800   0x00000006   Code   RO         3784    i.__mathlib_dbl_infnan  m_ws.l(dunder.o)
    0x08004806   0x0000000c   Code   RO         3786    i.__mathlib_dbl_invalid  m_ws.l(dunder.o)
    0x08004812   0x0000000e   Code   RO         3857    i.__scatterload_copy  mc_w.l(handlers.o)
    0x08004820   0x00000002   Code   RO         3858    i.__scatterload_null  mc_w.l(handlers.o)
    0x08004822   0x0000000e   Code   RO         3859    i.__scatterload_zeroinit  mc_w.l(handlers.o)
    0x08004830   0x0000000c   Code   RO         3832    i.__set_errno       mc_w.l(errno.o)
    0x0800483c   0x00000164   Code   RO         3740    i._fp_digits        mc_w.l(printfa.o)
    0x080049a0   0x000006dc   Code   RO         3741    i._printf_core      mc_w.l(printfa.o)
    0x0800507c   0x00000024   Code   RO         3742    i._printf_post_padding  mc_w.l(printfa.o)
    0x080050a0   0x0000002e   Code   RO         3743    i._printf_pre_padding  mc_w.l(printfa.o)
    0x080050ce   0x00000002   PAD
    0x080050d0   0x00000050   Code   RO          254    i.delay_us          main.o
    0x08005120   0x00000018   Code   RO          567    i.fputc             usart.o
    0x08005138   0x0000035c   Code   RO         3798    i.log               m_ws.l(log.o)
    0x08005494   0x000000e4   Code   RO         3480    i.log10             m_ws.l(log10.o)
    0x08005578   0x000009c0   Code   RO          255    i.main              main.o
    0x08005f38   0x0000002c   Code   RO          771    i.memv              tool.o
    0x08005f64   0x00000010   Data   RO         3446    .constdata          system_stm32f1xx.o
    0x08005f74   0x00000008   Data   RO         3447    .constdata          system_stm32f1xx.o
    0x08005f7c   0x00000004   PAD
    0x08005f80   0x00000038   Data   RO         3799    .constdata          m_ws.l(log.o)
    0x08005fb8   0x00000008   Data   RO         3850    .constdata          m_ws.l(qnan.o)
    0x08005fc0   0x00000020   Data   RO         3855    Region$$Table       anon$$obj.o


    Execution Region RW_IRAM1 (Base: 0x20000000, Size: 0x0000a180, Max: 0x00010000, ABSOLUTE, COMPRESSED[0x0000012c])

    Base Addr    Size         Type   Attr      Idx    E Section Name        Object

    0x20000000   0x00000184   Data   RW          257    .data               main.o
    0x20000184   0x00000002   Data   RW          573    .data               usart.o
    0x20000186   0x00000002   Data   RW          574    .data               usart.o
    0x20000188   0x00000001   Data   RW          575    .data               usart.o
    0x20000189   0x00000003   PAD
    0x2000018c   0x00000024   Data   RW          773    .data               tool.o
    0x200001b0   0x0000000c   Data   RW         1164    .data               stm32f1xx_hal.o
    0x200001bc   0x00000004   Data   RW         3448    .data               system_stm32f1xx.o
    0x200001c0   0x00000004   Data   RW         3821    .data               mc_w.l(stdout.o)
    0x200001c4   0x00000004   Data   RW         3833    .data               mc_w.l(errno.o)
    0x200001c8   0x00000820   Zero   RW           18    .bss                flash.o
    0x200009e8   0x00004000   Zero   RW          256    .bss                main.o
    0x200049e8   0x00000030   Zero   RW          417    .bss                adc.o
    0x20004a18   0x00000090   Zero   RW          499    .bss                tim.o
    0x20004aa8   0x00001068   Zero   RW          568    .bss                usart.o
    0x20005b10   0x0000080f   Zero   RW          569    .bss                usart.o
    0x2000631f   0x00001068   Zero   RW          570    .bss                usart.o
    0x20007387   0x0000080f   Zero   RW          571    .bss                usart.o
    0x20007b96   0x00000002   PAD
    0x20007b98   0x00000198   Zero   RW          572    .bss                usart.o
    0x20007d30   0x00002030   Zero   RW          772    .bss                tool.o
    0x20009d60   0x00000020   Zero   RW         1868    .bss                stm32f1xx_hal_flash.o
    0x20009d80   0x00000400   Zero   RW            1    STACK               startup_stm32f103xe.o


==============================================================================

Image component sizes


      Code (inc. data)   RO Data    RW Data    ZI Data      Debug   Object Name

       120         18          0          0         48       1729   adc.o
        92          4          0          0          0        746   dma.o
       354         34          0          0       2080     506700   flash.o
        96          8          0          0          0        843   gpio.o
      6442        536          0        388      16384      18551   main.o
      1040         66          0          0          0       4332   s_iic.o
        36          8        304          0       1024        784   startup_stm32f103xe.o
       164         28          0         12          0       6369   stm32f1xx_hal.o
       630         28          0          0          0       3280   stm32f1xx_hal_adc.o
       234         24          0          0          0      29406   stm32f1xx_hal_cortex.o
      1236         52          0          0          0       4994   stm32f1xx_hal_dma.o
       392         46          0          0         32       4586   stm32f1xx_hal_flash.o
       540         42          0          0          0       4048   stm32f1xx_hal_gpio.o
        60          8          0          0          0        834   stm32f1xx_hal_msp.o
      1272        100          0          0          0       5088   stm32f1xx_hal_rcc.o
       236         12          0          0          0       1348   stm32f1xx_hal_rcc_ex.o
      1800         76          0          0          0      15000   stm32f1xx_hal_tim.o
       128         20          0          0          0       2297   stm32f1xx_hal_tim_ex.o
      1790         24          0          0          0      14297   stm32f1xx_hal_uart.o
       296         76          0          0          0       7552   stm32f1xx_it.o
         2          0         24          4          0       1059   system_stm32f1xx.o
       400         44          0          0        144       3748   tim.o
       292         32          0         36       8240       3265   tool.o
       552         52          0          5      12934       3487   usart.o

    ----------------------------------------------------------------------
     18236       1338        364        448      40888     644343   Object Totals
         0          0         32          0          0          0   (incl. Generated)
        32          0          4          3          2          0   (incl. Padding)

    ----------------------------------------------------------------------

      Code (inc. data)   RO Data    RW Data    ZI Data      Debug   Library Member Name

        34          4          0          0          0        204   dunder.o
       860         52         56          0          0        256   log.o
       228         30          0          0          0        120   log10.o
       170          0          0          0          0         96   poly.o
         0          0          8          0          0          0   qnan.o
        86          0          0          0          0          0   __dczerorl2.o
         0          0          0          0          0          0   entry.o
         0          0          0          0          0          0   entry10a.o
         0          0          0          0          0          0   entry11a.o
         8          4          0          0          0          0   entry2.o
         4          0          0          0          0          0   entry5.o
         0          0          0          0          0          0   entry7b.o
         0          0          0          0          0          0   entry8b.o
         8          4          0          0          0          0   entry9a.o
        12          6          0          4          0         68   errno.o
        30          0          0          0          0          0   handlers.o
        36          8          0          0          0         68   init.o
         0          0          0          0          0          0   iusefp.o
        30          0          0          0          0         68   llshl.o
        36          0          0          0          0         68   llsshr.o
        32          0          0          0          0         68   llushr.o
        26          0          0          0          0         80   memcmp.o
        36          0          0          0          0         68   memcpya.o
        36          0          0          0          0        108   memseta.o
      2226         90          0          0          0        444   printfa.o
         0          0          0          4          0          0   stdout.o
        44          0          0          0          0         80   uidiv.o
        98          0          0          0          0         92   uldiv.o
        48          0          0          0          0         68   cdcmple.o
        48          0          0          0          0         68   cdrcmple.o
        56          0          0          0          0         88   d2f.o
       334          0          0          0          0        148   dadd.o
       222          0          0          0          0        100   ddiv.o
       186          0          0          0          0        176   depilogue.o
        48          0          0          0          0         68   dfixul.o
        34          0          0          0          0         76   dflti.o
        26          0          0          0          0         76   dfltui.o
       228          0          0          0          0         96   dmul.o
        46          0          0          0          0         80   dscalb.o
        38          0          0          0          0         68   f2d.o
       176          0          0          0          0        140   fadd.o
       124          0          0          0          0         88   fdiv.o
       110          0          0          0          0        168   fepilogue.o
        10          0          0          0          0         68   ffltui.o
       100          0          0          0          0         76   fmul.o

    ----------------------------------------------------------------------
      5880        198         64          8          0       3540   Library Totals
         6          0          0          0          0          0   (incl. Padding)

    ----------------------------------------------------------------------

      Code (inc. data)   RO Data    RW Data    ZI Data      Debug   Library Name

      1292         86         64          0          0        676   m_ws.l
      2748        112          0          8          0       1212   mc_w.l
      1834          0          0          0          0       1652   mf_w.l

    ----------------------------------------------------------------------
      5880        198         64          8          0       3540   Library Totals

    ----------------------------------------------------------------------

==============================================================================


      Code (inc. data)   RO Data    RW Data    ZI Data      Debug   

     24116       1536        428        456      40888     639015   Grand Totals
     24116       1536        428        300      40888     639015   ELF Image Totals (compressed)
     24116       1536        428        300          0          0   ROM Totals

==============================================================================

    Total RO  Size (Code + RO Data)                24544 (  23.97kB)
    Total RW  Size (RW Data + ZI Data)             41344 (  40.38kB)
    Total ROM Size (Code + RO Data + RW Data)      24844 (  24.26kB)

==============================================================================

